******************************************************************************
                  TI ARM Linker PC v18.12.2                    
******************************************************************************
>> Linked Mon Dec  9 21:49:31 2019

OUTPUT FILE NAME:   <uart_pc_echo_12mhz_brclk_MSP_EXP432P401R_nortos_ccs.out>
ENTRY POINT SYMBOL: "_c_int00_noargs"  address: 000029b1


MEMORY CONFIGURATION

         name            origin    length      used     unused   attr    fill
----------------------  --------  ---------  --------  --------  ----  --------
  MAIN                  00000000   00040000  00002d84  0003d27c  R  X
  INFO                  00200000   00004000  00000000  00004000  R  X
  SRAM_CODE             01000000   00010000  000002fd  0000fd03  RW X
  SRAM_DATA             20000000   00010000  000002fd  0000fd03  RW  


SEGMENT ALLOCATION MAP

run origin  load origin   length   init length attrs members
----------  ----------- ---------- ----------- ----- -------
00000000    00000000    00002d88   00002d88    r-x
  00000000    00000000    000000e4   000000e4    r-- .intvecs
  000000e4    000000e4    00002afc   00002afc    r-x .text
  00002be0    00002be0    00000154   00000154    r-- .const
  00002d38    00002d38    00000050   00000050    r-- .cinit
20000000    20000000    000000fd   00000000    rw-
  20000000    20000000    000000fc   00000000    rw- .data
  200000fc    200000fc    00000001   00000000    rw- .bss
2000fe00    2000fe00    00000200   00000000    rw-
  2000fe00    2000fe00    00000200   00000000    rw- .stack


SECTION ALLOCATION MAP

 output                                  attributes/
section   page    origin      length       input sections
--------  ----  ----------  ----------   ----------------
.intvecs   0    00000000    000000e4     
                  00000000    000000e4     startup_msp432p401r_ccs.obj (.intvecs:retain)

.text      0    000000e4    00002afc     
                  000000e4    00000a4e     rtsv7M4_T_le_v4SPD16_eabi.lib : _printfi.c.obj (.text:__TI_printfi)
                  00000b32    00000002     startup_msp432p401r_ccs.obj (.text:Default_Handler)
                  00000b34    00000304     uart_pc_echo_12mhz_brclk.obj (.text:main)
                  00000e38    00000270     rtsv7M4_T_le_v4SPD16_eabi.lib : _printfi.c.obj (.text:_pconv_a)
                  000010a8    000001fc     mp3board.obj (.text:resetModule)
                  000012a4    000001d0     rtsv7M4_T_le_v4SPD16_eabi.lib : _printfi.c.obj (.text:_pconv_g)
                  00001474    000001b6                                   : fd_add_t2.asm.obj (.text)
                  0000162a    00000002                                   : _lock.c.obj (.text:_nop)
                  0000162c    0000013c                                   : _printfi.c.obj (.text:_pconv_e)
                  00001768    00000138     hd44780.obj (.text:lcdputstr)
                  000018a0    00000136     rtsv7M4_T_le_v4SPD16_eabi.lib : fd_div_t2.asm.obj (.text)
                  000019d6    00000002                                   : div0.asm.obj (.text)
                  000019d8    00000124                                   : _printfi.c.obj (.text:fcvt)
                  00001afc    0000011c     msp432p4xx_driverlib.lib : uart.o (.text:UART_initModule)
                  00001c18    00000110     rtsv7M4_T_le_v4SPD16_eabi.lib : s_scalbn.c.obj (.text:scalbn)
                  00001d28    000000fc                                   : fd_mul_t2.asm.obj (.text)
                  00001e24    000000b1                                   : _printfi.c.obj (.text:_ltostr)
                  00001ed5    00000003     --HOLE-- [fill = 0]
                  00001ed8    000000ac     hd44780.obj (.text:lcdinit)
                  00001f84    0000009c     rtsv7M4_T_le_v4SPD16_eabi.lib : memcpy_t2.asm.obj (.text)
                  00002020    00000096                                   : ull_div_t2.asm.obj (.text)
                  000020b6    00000086                                   : fd_cmp_t2.asm.obj (.text:__aeabi_cdcmple)
                  0000213c    00000086                                   : fd_cmp_t2.asm.obj (.text:__aeabi_cdrcmple)
                  000021c2    00000002     --HOLE-- [fill = 0]
                  000021c4    00000080     mp3board.obj (.text:sendCommand)
                  00002244    0000007a     rtsv7M4_T_le_v4SPD16_eabi.lib : memset_t2.asm.obj (.text)
                  000022be    00000002     --HOLE-- [fill = 0]
                  000022c0    00000078     system_msp432p401r.obj (.text:SystemInit)
                  00002338    0000006e     rtsv7M4_T_le_v4SPD16_eabi.lib : _printfi.c.obj (.text:_mcpy)
                  000023a6    00000068                                   : copy_decompress_lzss.c.obj (.text:decompress:lzss:__TI_decompress_lzss)
                  0000240e    00000002     --HOLE-- [fill = 0]
                  00002410    00000068                                   : printf.c.obj (.text:printf)
                  00002478    00000064                                   : s_frexp.c.obj (.text:frexp)
                  000024dc    00000060     mp3board.obj (.text:delay)
                  0000253c    00000058     uart.obj (.text:uartinit_0)
                  00002594    00000056     rtsv7M4_T_le_v4SPD16_eabi.lib : _printfi.c.obj (.text:_pconv_f)
                  000025ea    00000054                                   : ltoa.c.obj (.text:ltoa)
                  0000263e    00000052                                   : _printfi.c.obj (.text:_ecpy)
                  00002690    0000004c                                   : atoi.c.obj (.text:atoi)
                  000026dc    00000048                                   : fd_toi_t2.asm.obj (.text)
                  00002724    00000044                                   : autoinit.c.obj (.text:__TI_auto_init_nobinit_nopinit:__TI_auto_init_nobinit_nopinit)
                  00002768    00000044     override_puts.obj (.text:fputs)
                  000027ac    00000044     hd44780.obj (.text:putcommand)
                  000027f0    00000044     hd44780.obj (.text:putdata)
                  00002834    00000044     hd44780.obj (.text:readlcddata)
                  00002878    00000042     hd44780.obj (.text:delay_ms)
                  000028ba    00000002     --HOLE-- [fill = 0]
                  000028bc    00000040     hd44780.obj (.text:lcdBusyWait)
                  000028fc    0000003e     rtsv7M4_T_le_v4SPD16_eabi.lib : _printfi.c.obj (.text:_fcpy)
                  0000293a    00000002     --HOLE-- [fill = 0]
                  0000293c    0000003c     hd44780.obj (.text:commandWrite)
                  00002978    00000038     uart.obj (.text:uart2_init)
                  000029b0    00000034     rtsv7M4_T_le_v4SPD16_eabi.lib : boot_cortex_m.c.obj (.text:_c_int00_noargs:_c_int00_noargs)
                  000029e4    00000034     hd44780.obj (.text:lcdputch)
                  00002a18    0000002e     rtsv7M4_T_le_v4SPD16_eabi.lib : i_tofd_t2.asm.obj (.text)
                  00002a46    00000002     --HOLE-- [fill = 0]
                  00002a48    0000002c     mp3board.obj (.text:TA0_0_IRQHandler)
                  00002a74    00000028     override_puts.obj (.text:fputc)
                  00002a9c    00000026     hd44780.obj (.text:delay_us)
                  00002ac2    00000024     hd44780.obj (.text:Delayms)
                  00002ae6    00000020     hd44780.obj (.text:lcdgotoaddr)
                  00002b06    0000001c     rtsv7M4_T_le_v4SPD16_eabi.lib : copy_zero_init.c.obj (.text:decompress:ZI:__TI_zero_init_nomemset:__TI_zero_init_nomemset)
                  00002b22    0000001c                                   : memccpy.c.obj (.text:memccpy)
                  00002b3e    0000001a                                   : s_copysign.c.obj (.text:copysign)
                  00002b58    00000018     uart_pc_echo_12mhz_brclk.obj (.text:getcharBT)
                  00002b70    00000016     rtsv7M4_T_le_v4SPD16_eabi.lib : strchr.c.obj (.text:strchr)
                  00002b86    00000014                                   : strlen.c.obj (.text:strlen)
                  00002b9a    00000012                                   : wcslen.c.obj (.text:wcslen)
                  00002bac    0000000e                                   : copy_decompress_none.c.obj (.text:decompress:none:__TI_decompress_none)
                  00002bba    0000000c     startup_msp432p401r_ccs.obj (.text:Reset_Handler)
                  00002bc6    00000002     --HOLE-- [fill = 0]
                  00002bc8    00000008     rtsv7M4_T_le_v4SPD16_eabi.lib : errno.c.obj (.text:__aeabi_errno_addr)
                  00002bd0    00000004                                   : printf.c.obj (.text:_outc)
                  00002bd4    00000004                                   : printf.c.obj (.text:_outs)
                  00002bd8    00000004                                   : pre_init.c.obj (.text:_system_pre_init)
                  00002bdc    00000004                                   : exit.c.obj (.text:abort:abort)

.const     0    00002be0    00000154     
                  00002be0    00000101     rtsv7M4_T_le_v4SPD16_eabi.lib : ctype.c.obj (.const:.string:_ctypes_)
                  00002ce1    00000003     --HOLE-- [fill = 0]
                  00002ce4    00000028     uart.obj (.const:uartConfig0)
                  00002d0c    00000028     uart.obj (.const:uartConfig2)

.cinit     0    00002d38    00000050     
                  00002d38    00000026     (.cinit..data.load) [load image, compression = lzss]
                  00002d5e    00000002     --HOLE-- [fill = 0]
                  00002d60    0000000c     (__TI_handler_table)
                  00002d6c    00000004     --HOLE-- [fill = 0]
                  00002d70    00000008     (.cinit..bss.load) [load image, compression = zero_init]
                  00002d78    00000010     (__TI_cinit_table)

.init_array 
*          0    00000000    00000000     UNINITIALIZED

.binit     0    00000000    00000000     

.data      0    20000000    000000fc     UNINITIALIZED
                  20000000    000000f0     rtsv7M4_T_le_v4SPD16_eabi.lib : defs.c.obj (.data:_ftable)
                  200000f0    00000008                                   : _lock.c.obj (.data:$O1$$)
                  200000f8    00000004                                   : errno.c.obj (.data)

.bss       0    200000fc    00000001     UNINITIALIZED
                  200000fc    00000001     (.common:time)

.stack     0    2000fe00    00000200     UNINITIALIZED
                  2000fe00    00000004     rtsv7M4_T_le_v4SPD16_eabi.lib : boot_cortex_m.c.obj (.stack)
                  2000fe04    000001fc     --HOLE--

MODULE SUMMARY

       Module                         code    ro data   rw data
       ------                         ----    -------   -------
    .\
       hd44780.obj                    1036    0         0      
       uart_pc_echo_12mhz_brclk.obj   796     0         0      
       mp3board.obj                   776     0         2      
       uart.obj                       144     80        0      
       system_msp432p401r.obj         120     0         0      
       override_puts.obj              108     0         0      
    +--+------------------------------+-------+---------+---------+
       Total:                         2980    80        2      
                                                               
    .\ccs\
       startup_msp432p401r_ccs.obj    14      228       0      
    +--+------------------------------+-------+---------+---------+
       Total:                         14      228       0      
                                                               
    C:/ti/simplelink_msp432p4_sdk_3_30_00_13/source/ti/devices/msp432p4xx/driverlib/ccs/msp432p4xx_driverlib.lib
       uart.o                         284     0         0      
    +--+------------------------------+-------+---------+---------+
       Total:                         284     0         0      
                                                               
    C:\ti\ccs910\ccs\tools\compiler\ti-cgt-arm_18.12.2.LTS\lib\rtsv7M4_T_le_v4SPD16_eabi.lib
       _printfi.c.obj                 4851    0         0      
       defs.c.obj                     0       0         480    
       fd_add_t2.asm.obj              438     0         0      
       fd_div_t2.asm.obj              310     0         0      
       s_scalbn.c.obj                 272     0         0      
       fd_cmp_t2.asm.obj              268     0         0      
       ctype.c.obj                    0       257       0      
       fd_mul_t2.asm.obj              252     0         0      
       memcpy_t2.asm.obj              156     0         0      
       ull_div_t2.asm.obj             150     0         0      
       memset_t2.asm.obj              122     0         0      
       printf.c.obj                   112     0         0      
       copy_decompress_lzss.c.obj     104     0         0      
       s_frexp.c.obj                  100     0         0      
       ltoa.c.obj                     84      0         0      
       atoi.c.obj                     76      0         0      
       fd_toi_t2.asm.obj              72      0         0      
       autoinit.c.obj                 68      0         0      
       boot_cortex_m.c.obj            52      0         0      
       i_tofd_t2.asm.obj              46      0         0      
       copy_zero_init.c.obj           28      0         0      
       memccpy.c.obj                  28      0         0      
       s_copysign.c.obj               26      0         0      
       strchr.c.obj                   22      0         0      
       strlen.c.obj                   20      0         0      
       _lock.c.obj                    2       0         16     
       wcslen.c.obj                   18      0         0      
       errno.c.obj                    8       0         8      
       copy_decompress_none.c.obj     14      0         0      
       exit.c.obj                     4       0         0      
       pre_init.c.obj                 4       0         0      
       div0.asm.obj                   2       0         0      
    +--+------------------------------+-------+---------+---------+
       Total:                         7709    257       504    
                                                               
       Stack:                         0       0         1024   
       Linker Generated:              0       74        0      
    +--+------------------------------+-------+---------+---------+
       Grand Total:                   10987   639       1530   


LINKER GENERATED COPY TABLES

__TI_cinit_table @ 00002d78 records: 2, size/record: 8, table size: 16
	.data: load addr=00002d38, load size=00000026 bytes, run addr=20000000, run size=000000fc bytes, compression=lzss
	.bss: load addr=00002d70, load size=00000008 bytes, run addr=200000fc, run size=00000001 bytes, compression=zero_init


LINKER GENERATED HANDLER TABLE

__TI_handler_table @ 00002d60 records: 3, size/record: 4, table size: 12
	index: 0, handler: __TI_decompress_lzss
	index: 1, handler: __TI_decompress_none
	index: 2, handler: __TI_zero_init


GLOBAL SYMBOLS: SORTED ALPHABETICALLY BY Name 

address   name                          
-------   ----                          
00000b33  ADC14_IRQHandler              
00000b33  AES256_IRQHandler             
00000b33  BusFault_Handler              
00002bdd  C$$EXIT                       
00000b33  COMP_E0_IRQHandler            
00000b33  COMP_E1_IRQHandler            
00000b33  CS_IRQHandler                 
00000b33  DMA_ERR_IRQHandler            
00000b33  DMA_INT0_IRQHandler           
00000b33  DMA_INT1_IRQHandler           
00000b33  DMA_INT2_IRQHandler           
00000b33  DMA_INT3_IRQHandler           
00000b33  DebugMon_Handler              
00000b33  Default_Handler               
00002ac3  Delayms                       
00000b33  EUSCIA0_IRQHandler            
00000b33  EUSCIA1_IRQHandler            
00000b33  EUSCIA2_IRQHandler            
00000b33  EUSCIA3_IRQHandler            
00000b33  EUSCIB0_IRQHandler            
00000b33  EUSCIB1_IRQHandler            
00000b33  EUSCIB2_IRQHandler            
00000b33  EUSCIB3_IRQHandler            
00000b33  FLCTL_IRQHandler              
00000b33  FPU_IRQHandler                
00000b33  HardFault_Handler             
00000b33  MemManage_Handler             
00000b33  NMI_Handler                   
00000b33  PCM_IRQHandler                
00000b33  PORT1_IRQHandler              
00000b33  PORT2_IRQHandler              
00000b33  PORT3_IRQHandler              
00000b33  PORT4_IRQHandler              
00000b33  PORT5_IRQHandler              
00000b33  PORT6_IRQHandler              
00000b33  PSS_IRQHandler                
00000b33  PendSV_Handler                
00000b33  RTC_C_IRQHandler              
00002bbb  Reset_Handler                 
00000b33  SVC_Handler                   
00000b33  SysTick_Handler               
000022c1  SystemInit                    
00000b33  T32_INT1_IRQHandler           
00000b33  T32_INT2_IRQHandler           
00000b33  T32_INTC_IRQHandler           
00002a49  TA0_0_IRQHandler              
00002a49  TA0_0_IRQHandler              
00000b33  TA0_N_IRQHandler              
00000b33  TA1_0_IRQHandler              
00000b33  TA1_N_IRQHandler              
00000b33  TA2_0_IRQHandler              
00000b33  TA2_N_IRQHandler              
00000b33  TA3_0_IRQHandler              
00000b33  TA3_N_IRQHandler              
00001afd  UART_initModule               
00000b33  UsageFault_Handler            
4000480c  WDTCTL_SYM                    
00000b33  WDT_A_IRQHandler              
20010000  __STACK_END                   
00000200  __STACK_SIZE                  
00002d78  __TI_CINIT_Base               
00002d88  __TI_CINIT_Limit              
00002d60  __TI_Handler_Table_Base       
00002d6c  __TI_Handler_Table_Limit      
00002725  __TI_auto_init_nobinit_nopinit
000023a7  __TI_decompress_lzss          
00002bad  __TI_decompress_none          
ffffffff  __TI_pprof_out_hndl           
000000e5  __TI_printfi                  
ffffffff  __TI_prof_data_size           
ffffffff  __TI_prof_data_start          
00000000  __TI_static_base__            
00002b07  __TI_zero_init_nomemset       
000020b7  __aeabi_cdcmpeq               
000020b7  __aeabi_cdcmple               
0000213d  __aeabi_cdrcmple              
000026dd  __aeabi_d2iz                  
0000147f  __aeabi_dadd                  
000018a1  __aeabi_ddiv                  
00001d29  __aeabi_dmul                  
00001475  __aeabi_dsub                  
00002bc9  __aeabi_errno_addr            
00002a19  __aeabi_i2d                   
000019d7  __aeabi_idiv0                 
000019d7  __aeabi_ldiv0                 
00002245  __aeabi_memclr                
00002245  __aeabi_memclr4               
00002245  __aeabi_memclr8               
00001f85  __aeabi_memcpy                
00001f85  __aeabi_memcpy4               
00001f85  __aeabi_memcpy8               
00002247  __aeabi_memset                
00002247  __aeabi_memset4               
00002247  __aeabi_memset8               
00002021  __aeabi_uldivmod              
ffffffff  __binit__                     
ffffffff  __c_args__                    
UNDEFED   __mpu_init                    
2000fe00  __stack                       
000029b1  _c_int00_noargs               
00002be0  _ctypes_                      
20000000  _ftable                       
200000f0  _lock                         
0000162b  _nop                          
UNDEFED   _system_post_cinit            
00002bd9  _system_pre_init              
200000f4  _unlock                       
00002bdd  abort                         
00002691  atoi                          
ffffffff  binit                         
0000293d  commandWrite                  
00002b3f  copysign                      
00002b3f  copysignl                     
000024dd  delay                         
00002879  delay_ms                      
200000f8  errno                         
00002a75  fputc                         
00002769  fputs                         
00002479  frexp                         
00002479  frexpl                        
00002b59  getcharBT                     
00000000  interruptVectors              
000028bd  lcdBusyWait                   
UNDEFED   lcdclear                      
00002ae7  lcdgotoaddr                   
00001ed9  lcdinit                       
000029e5  lcdputch                      
00001769  lcdputstr                     
00001c19  ldexp                         
00001c19  ldexpl                        
000025eb  ltoa                          
00000b35  main                          
00002b23  memccpy                       
00001f85  memcpy                        
0000224d  memset                        
00002411  printf                        
000027ad  putcommand                    
000027f1  putdata                       
00002835  readlcddata                   
000010a9  resetModule                   
00001c19  scalbn                        
00001c19  scalbnl                       
000021c5  sendCommand                   
00002b71  strchr                        
00002b87  strlen                        
200000fc  time                          
00002979  uart2_init                    
00002ce4  uartConfig0                   
00002d0c  uartConfig2                   
0000253d  uartinit_0                    
00002b9b  wcslen                        


GLOBAL SYMBOLS: SORTED BY Symbol Address 

address   name                          
-------   ----                          
00000000  __TI_static_base__            
00000000  interruptVectors              
000000e5  __TI_printfi                  
00000200  __STACK_SIZE                  
00000b33  ADC14_IRQHandler              
00000b33  AES256_IRQHandler             
00000b33  BusFault_Handler              
00000b33  COMP_E0_IRQHandler            
00000b33  COMP_E1_IRQHandler            
00000b33  CS_IRQHandler                 
00000b33  DMA_ERR_IRQHandler            
00000b33  DMA_INT0_IRQHandler           
00000b33  DMA_INT1_IRQHandler           
00000b33  DMA_INT2_IRQHandler           
00000b33  DMA_INT3_IRQHandler           
00000b33  DebugMon_Handler              
00000b33  Default_Handler               
00000b33  EUSCIA0_IRQHandler            
00000b33  EUSCIA1_IRQHandler            
00000b33  EUSCIA2_IRQHandler            
00000b33  EUSCIA3_IRQHandler            
00000b33  EUSCIB0_IRQHandler            
00000b33  EUSCIB1_IRQHandler            
00000b33  EUSCIB2_IRQHandler            
00000b33  EUSCIB3_IRQHandler            
00000b33  FLCTL_IRQHandler              
00000b33  FPU_IRQHandler                
00000b33  HardFault_Handler             
00000b33  MemManage_Handler             
00000b33  NMI_Handler                   
00000b33  PCM_IRQHandler                
00000b33  PORT1_IRQHandler              
00000b33  PORT2_IRQHandler              
00000b33  PORT3_IRQHandler              
00000b33  PORT4_IRQHandler              
00000b33  PORT5_IRQHandler              
00000b33  PORT6_IRQHandler              
00000b33  PSS_IRQHandler                
00000b33  PendSV_Handler                
00000b33  RTC_C_IRQHandler              
00000b33  SVC_Handler                   
00000b33  SysTick_Handler               
00000b33  T32_INT1_IRQHandler           
00000b33  T32_INT2_IRQHandler           
00000b33  T32_INTC_IRQHandler           
00000b33  TA0_N_IRQHandler              
00000b33  TA1_0_IRQHandler              
00000b33  TA1_N_IRQHandler              
00000b33  TA2_0_IRQHandler              
00000b33  TA2_N_IRQHandler              
00000b33  TA3_0_IRQHandler              
00000b33  TA3_N_IRQHandler              
00000b33  UsageFault_Handler            
00000b33  WDT_A_IRQHandler              
00000b35  main                          
000010a9  resetModule                   
00001475  __aeabi_dsub                  
0000147f  __aeabi_dadd                  
0000162b  _nop                          
00001769  lcdputstr                     
000018a1  __aeabi_ddiv                  
000019d7  __aeabi_idiv0                 
000019d7  __aeabi_ldiv0                 
00001afd  UART_initModule               
00001c19  ldexp                         
00001c19  ldexpl                        
00001c19  scalbn                        
00001c19  scalbnl                       
00001d29  __aeabi_dmul                  
00001ed9  lcdinit                       
00001f85  __aeabi_memcpy                
00001f85  __aeabi_memcpy4               
00001f85  __aeabi_memcpy8               
00001f85  memcpy                        
00002021  __aeabi_uldivmod              
000020b7  __aeabi_cdcmpeq               
000020b7  __aeabi_cdcmple               
0000213d  __aeabi_cdrcmple              
000021c5  sendCommand                   
00002245  __aeabi_memclr                
00002245  __aeabi_memclr4               
00002245  __aeabi_memclr8               
00002247  __aeabi_memset                
00002247  __aeabi_memset4               
00002247  __aeabi_memset8               
0000224d  memset                        
000022c1  SystemInit                    
000023a7  __TI_decompress_lzss          
00002411  printf                        
00002479  frexp                         
00002479  frexpl                        
000024dd  delay                         
0000253d  uartinit_0                    
000025eb  ltoa                          
00002691  atoi                          
000026dd  __aeabi_d2iz                  
00002725  __TI_auto_init_nobinit_nopinit
00002769  fputs                         
000027ad  putcommand                    
000027f1  putdata                       
00002835  readlcddata                   
00002879  delay_ms                      
000028bd  lcdBusyWait                   
0000293d  commandWrite                  
00002979  uart2_init                    
000029b1  _c_int00_noargs               
000029e5  lcdputch                      
00002a19  __aeabi_i2d                   
00002a49  TA0_0_IRQHandler              
00002a49  TA0_0_IRQHandler              
00002a75  fputc                         
00002ac3  Delayms                       
00002ae7  lcdgotoaddr                   
00002b07  __TI_zero_init_nomemset       
00002b23  memccpy                       
00002b3f  copysign                      
00002b3f  copysignl                     
00002b59  getcharBT                     
00002b71  strchr                        
00002b87  strlen                        
00002b9b  wcslen                        
00002bad  __TI_decompress_none          
00002bbb  Reset_Handler                 
00002bc9  __aeabi_errno_addr            
00002bd9  _system_pre_init              
00002bdd  C$$EXIT                       
00002bdd  abort                         
00002be0  _ctypes_                      
00002ce4  uartConfig0                   
00002d0c  uartConfig2                   
00002d60  __TI_Handler_Table_Base       
00002d6c  __TI_Handler_Table_Limit      
00002d78  __TI_CINIT_Base               
00002d88  __TI_CINIT_Limit              
20000000  _ftable                       
200000f0  _lock                         
200000f4  _unlock                       
200000f8  errno                         
200000fc  time                          
2000fe00  __stack                       
20010000  __STACK_END                   
4000480c  WDTCTL_SYM                    
ffffffff  __TI_pprof_out_hndl           
ffffffff  __TI_prof_data_size           
ffffffff  __TI_prof_data_start          
ffffffff  __binit__                     
ffffffff  __c_args__                    
ffffffff  binit                         
UNDEFED   __mpu_init                    
UNDEFED   _system_post_cinit            
UNDEFED   lcdclear                      

[151 symbols]
