******************************************************************************
                  TI ARM Linker PC v18.12.3                    
******************************************************************************
>> Linked Sat Dec 14 19:08:43 2019

OUTPUT FILE NAME:   <fatsd_MSP_EXP432P401R_nortos_ccs.out>
ENTRY POINT SYMBOL: "resetISR"  address: 00009a59


MEMORY CONFIGURATION

         name            origin    length      used     unused   attr    fill
----------------------  --------  ---------  --------  --------  ----  --------
  MAIN                  00000000   00040000  0000c750  000338b0  R  X
  INFO                  00200000   00004000  00000000  00004000  R  X
  SRAM_CODE             01000000   00010000  0000a437  00005bc9  RW X
  SRAM_DATA             20000000   00010000  0000a437  00005bc9  RW  


SEGMENT ALLOCATION MAP

run origin  load origin   length   init length attrs members
----------  ----------- ---------- ----------- ----- -------
00000000    00000000    0000c750   0000c750    r-x
  00000000    00000000    00000144   00000144    r-- .intvecs
  00000144    00000144    00009e28   00009e28    r-x .text
  00009f6c    00009f6c    000026c4   000026c4    r-- .const
  0000c630    0000c630    00000120   00000120    r-- .cinit
20000000    20000000    00009352   00000000    rw-
  20000000    20000000    00008000   00000000    rw- .sysmem
  20008000    20008000    00000df9   00000000    rw- .bss
  20008dfc    20008dfc    00000556   00000000    rw- .data
20009400    20009400    000000e8   00000000    rw-
  20009400    20009400    000000e8   00000000    rw- .vtable
2000f000    2000f000    00001000   00000000    rw-
  2000f000    2000f000    00001000   00000000    rw- .stack


SECTION ALLOCATION MAP

 output                                  attributes/
section   page    origin      length       input sections
--------  ----  ----------  ----------   ----------------
.text      0    00000144    00009e28     
                  00000144    00000a4e     rtsv7M4_T_le_v4SPD16_eabi.lib : _printfi.c.obj (.text:__TI_printfi)
                  00000b92    00000002     ti_drivers_config.obj (.text:Board_initHook)
                  00000b94    000002f8     drivers_msp432p401x.aem4f : PowerMSP432.oem4f (.text:Power_sleep)
                  00000e8c    000002d8     nortos_msp432p401x.aem4f : SystemP_nortos.oem4f (.text:doPrint)
                  00001164    000002d0     drivers_msp432p401x.aem4f : UARTMSP432.oem4f (.text:UARTMSP432_open)
                  00001434    00000298     fatfs.a : ff.obj (.text:find_volume)
                  000016cc    0000028c     drivers_msp432p401x.aem4f : SPIMSP432DMA.oem4f (.text:SPIMSP432DMA_open)
                  00001958    00000288                               : PowerMSP432.oem4f (.text:initPerfControl)
                  00001be0    00000270     rtsv7M4_T_le_v4SPD16_eabi.lib : _printfi.c.obj (.text:_pconv_a)
                  00001e50    00000250     player1053.obj (.text:VS1053PlayFile)
                  000020a0    00000228     fatsd_nortos.obj (.text:mainThread)
                  000022c8    000001dc     drivers_msp432p401x.aem4f : SDSPI.oem4f (.text:SDSPI_initialize)
                  000024a4    000001d0     rtsv7M4_T_le_v4SPD16_eabi.lib : _printfi.c.obj (.text:_pconv_g)
                  00002674    000001b6     fatfs.a : ff.obj (.text:f_open)
                  0000282a    000001b6     rtsv7M4_T_le_v4SPD16_eabi.lib : fd_add_t2.asm.obj (.text)
                  000029e0    0000019c     mp3_funcs.obj (.text:WriteSdi)
                  00002b7c    00000186     fatfs.a : ff.obj (.text:f_write)
                  00002d02    00000002     display.aem4f : DisplayUart.oem4f (.text:DisplayUartMin_clear)
                  00002d04    00000170     drivers_msp432p401x.aem4f : GPIOMSP432.oem4f (.text:GPIO_setConfig)
                  00002e74    00000164     player1053.obj (.text:VSTestInitSoftware)
                  00002fd8    00000156     fatfs.a : ff.obj (.text:f_read)
                  0000312e    00000140             : ff.obj (.text:f_lseek)
                  0000326e    00000002     display.aem4f : DisplayUart.oem4f (.text:DisplayUartMin_clearLines)
                  00003270    0000013c     rtsv7M4_T_le_v4SPD16_eabi.lib : _printfi.c.obj (.text:_pconv_e)
                  000033ac    00000136                                   : fd_div_t2.asm.obj (.text)
                  000034e2    00000002     display.aem4f : DisplayUart.oem4f (.text:DisplayUartMin_init)
                  000034e4    00000130     drivers_msp432p401x.aem4f : UDMAMSP432.oem4f (.text:setupInterrupt)
                  00003614    0000012c                               : SPIMSP432DMA.oem4f (.text:SPIMSP432DMA_transfer)
                  00003740    00000124     rtsv7M4_T_le_v4SPD16_eabi.lib : _printfi.c.obj (.text:fcvt)
                  00003864    0000011c     msp432p4xx_driverlib.lib : uart.o (.text:UART_initModule)
                  00003980    00000114     rtsv7M4_T_le_v4SPD16_eabi.lib : fputs.c.obj (.text:fputs)
                  00003a94    00000110                                   : s_scalbn.c.obj (.text:scalbn)
                  00003ba4    0000010c                                   : fopen.c.obj (.text:_openfile)
                  00003cb0    0000010c     fatfs.a : ff.obj (.text:f_rename)
                  00003dbc    00000104     drivers_msp432p401x.aem4f : SPIMSP432DMA.oem4f (.text:SPIMSP432DMA_transferCancel)
                  00003ec0    000000fc                               : SPIMSP432DMA.oem4f (.text:configDMA)
                  00003fbc    000000fc     rtsv7M4_T_le_v4SPD16_eabi.lib : fd_mul_t2.asm.obj (.text)
                  000040b8    000000f8                                   : fread.c.obj (.text:fread)
                  000041b0    000000f4                                   : memory.c.obj (.text:aligned_alloc)
                  000042a4    000000f2     fatfs.a : ff.obj (.text:put_fat)
                  00004396    00000002     msp432p4xx_driverlib.lib : interrupt.o (.text:IntDefaultHandler)
                  00004398    000000f0                              : dma.o (.text:DMA_setChannelTransfer)
                  00004488    000000ee     fatfs.a : ff.obj (.text:create_chain)
                  00004576    00000002     nortos_msp432p401x.aem4f : PowerMSP432_nortos.oem4f (.text:PowerMSP432_initPolicy)
                  00004578    000000e8     rtsv7M4_T_le_v4SPD16_eabi.lib : memory.c.obj (.text:free)
                  00004660    000000e4     msp432p4xx_driverlib.lib : cs.o (.text:CS_startHFXTWithTimeout)
                  00004744    000000e0                              : cs.o (.text:CS_startLFXTWithTimeout)
                  00004824    000000e0     nortos_msp432p401x.aem4f : TimerPMSP432_nortos.oem4f (.text:TimerP_construct)
                  00004904    000000dc     mp3_funcs.obj (.text:ReadSci)
                  000049e0    000000dc     drivers_msp432p401x.aem4f : UARTMSP432.oem4f (.text:UARTMSP432_readPolling)
                  00004abc    000000dc                               : UDMAMSP432.oem4f (.text:UDMAMSP432_close)
                  00004b98    000000dc     msp432p4xx_driverlib.lib : cs.o (.text:_CSGetHFXTFrequency)
                  00004c74    000000dc     rtsv7M4_T_le_v4SPD16_eabi.lib : setvbuf.c.obj (.text:setvbuf)
                  00004d50    000000d8     nortos_msp432p401x.aem4f : SwiP_nortos.oem4f (.text:SwiP_construct)
                  00004e28    000000d3     fatfs.a : ff.obj (.text:create_name)
                  00004efb    00000001     --HOLE-- [fill = 0]
                  00004efc    000000d0     drivers_msp432p401x.aem4f : SDFatFS.oem4f (.text:SDFatFS_open)
                  00004fcc    000000ca                               : SDSPI.oem4f (.text:SDSPI_write)
                  00005096    000000c0                               : UARTMSP432.oem4f (.text:UARTMSP432_hwiIntFxn)
                  00005156    000000bc     fatfs.a : ff.obj (.text:get_fat)
                  00005212    00000002     nortos_msp432p401x.aem4f : PowerMSP432_nortos.oem4f (.text:PowerMSP432_updateFreqs)
                  00005214    000000bc     rtsv7M4_T_le_v4SPD16_eabi.lib : open.c.obj (.text:open)
                  000052d0    000000b8                                   : add_device.c.obj (.text:add_device)
                  00005388    000000b8     fatfs.a : ff.obj (.text:dir_next)
                  00005440    000000b8     drivers_msp432p401x.aem4f : UARTMSP432.oem4f (.text:initHw)
                  000054f8    000000b8                               : UARTMSP432.oem4f (.text:readTaskCallback)
                  000055b0    000000b4     nortos_msp432p401x.aem4f : ClockPTimer_nortos.oem4f (.text:ClockP_startup)
                  00005664    000000b4     player1053.obj (.text:LoadPlugin)
                  00005718    000000b4     drivers_msp432p401x.aem4f : UARTMSP432.oem4f (.text:UARTMSP432_control)
                  000057cc    000000b4                               : UARTMSP432.oem4f (.text:UARTMSP432_writePolling)
                  00005880    000000b1     rtsv7M4_T_le_v4SPD16_eabi.lib : _printfi.c.obj (.text:_ltostr)
                  00005931    00000001     --HOLE-- [fill = 0]
                  00005932    000000b0     msp432p4xx_driverlib.lib : spi.o (.text:SPI_initMaster)
                  000059e2    000000ae     drivers_msp432p401x.aem4f : SDSPI.oem4f (.text:SDSPI_read)
                  00005a90    000000ac     nortos_msp432p401x.aem4f : ClockPTimer_nortos.oem4f (.text:ClockP_workFuncDynamic)
                  00005b3c    000000ac     drivers_msp432p401x.aem4f : GPIOMSP432.oem4f (.text:GPIO_init)
                  00005be8    000000a8                               : SDSPI.oem4f (.text:SDSPI_getNumSectors)
                  00005c90    000000a8     fatfs.a : ffcio.obj (.text:ffcio_open)
                  00005d38    000000a8     drivers_msp432p401x.aem4f : UARTMSP432.oem4f (.text:readTaskBlocking)
                  00005de0    000000a2     fatfs.a : ff.obj (.text:f_unlink)
                  00005e82    00000002     drivers_msp432p401x.aem4f : UARTMSP432.oem4f (.text:UARTMSP432_init)
                  00005e84    000000a0     nortos_msp432p401x.aem4f : SemaphoreP_nortos.oem4f (.text:SemaphoreP_pend)
                  00005f24    000000a0     drivers_msp432p401x.aem4f : UARTMSP432.oem4f (.text:UARTMSP432_write)
                  00005fc4    000000a0                               : UARTMSP432.oem4f (.text:readIsrTextCallback)
                  00006064    0000009c                               : PowerMSP432.oem4f (.text:Power_init)
                  00006100    0000009c     nortos_msp432p401x.aem4f : SwiP_nortos.oem4f (.text:SwiP_dispatch)
                  0000619c    0000009c     mp3_funcs.obj (.text:WriteSci)
                  00006238    0000009c     rtsv7M4_T_le_v4SPD16_eabi.lib : _bufread.c.obj (.text:__TI_buff_read)
                  000062d4    0000009c     fatfs.a : ff.obj (.text:f_sync)
                  00006370    0000009c     rtsv7M4_T_le_v4SPD16_eabi.lib : fopen.c.obj (.text:fopen)
                  0000640c    0000009c                                   : memcpy_t2.asm.obj (.text)
                  000064a8    00000096                                   : ull_div_t2.asm.obj (.text)
                  0000653e    00000002                                   : _lock.c.obj (.text:_nop)
                  00006540    00000094     drivers_msp432p401x.aem4f : UDMAMSP432.oem4f (.text:UDMAMSP432_init)
                  000065d4    00000094                               : UDMAMSP432.oem4f (.text:UDMAMSP432_open)
                  00006668    00000092                               : UARTMSP432.oem4f (.text:UARTMSP432_close)
                  000066fa    00000092                               : SDSPI.oem4f (.text:sendCmd)
                  0000678c    00000092                               : UARTMSP432.oem4f (.text:writeData)
                  0000681e    00000002     nortos_msp432p401x.aem4f : startup_msp432_ccs.oem4f (.text:busFaultISR)
                  00006820    0000008c     rtsv7M4_T_le_v4SPD16_eabi.lib : fputc.c.obj (.text:fputc)
                  000068ac    0000008c     drivers_msp432p401x.aem4f : UARTMSP432.oem4f (.text:readIsrTextBlocking)
                  00006938    0000008c     fatfs.a : ff.obj (.text:sync_fs)
                  000069c4    00000088             : ff.obj (.text:dir_sdi)
                  00006a4c    00000088     spi_portb.obj (.text:spi_init)
                  00006ad4    00000086     rtsv7M4_T_le_v4SPD16_eabi.lib : fd_cmp_t2.asm.obj (.text:__aeabi_cdcmple)
                  00006b5a    00000086                                   : fd_cmp_t2.asm.obj (.text:__aeabi_cdrcmple)
                  00006be0    00000086     drivers_msp432p401x.aem4f : SPIMSP432DMA.oem4f (.text:initHw)
                  00006c66    00000002     nortos_msp432p401x.aem4f : SemaphoreP_nortos.oem4f (.text:clkFxn)
                  00006c68    00000084     drivers_msp432p401x.aem4f : PowerMSP432.oem4f (.text:restartHFXT)
                  00006cec    00000080     nortos_msp432p401x.aem4f : ClockPTimer_nortos.oem4f (.text:ClockP_start)
                  00006d6c    00000080     msp432p4xx_driverlib.lib : interrupt.o (.text:Interrupt_disableInterrupt)
                  00006dec    00000080                              : interrupt.o (.text:Interrupt_enableInterrupt)
                  00006e6c    00000080     drivers_msp432p401x.aem4f : SDSPI.oem4f (.text:recvDataBlock)
                  00006eec    0000007c     fatfs.a : ff.obj (.text:f_mount)
                  00006f68    0000007c     rtsv7M4_T_le_v4SPD16_eabi.lib : fflush.c.obj (.text:fflush)
                  00006fe4    0000007c                                   : memory.c.obj (.text:split)
                  00007060    0000007a                                   : memset_t2.asm.obj (.text)
                  000070da    00000002     nortos_msp432p401x.aem4f : startup_msp432_ccs.oem4f (.text:defaultISR)
                  000070dc    00000078                              : ClockPTimer_nortos.oem4f (.text:ClockP_walkQueueDynamic)
                  00007154    00000078     drivers_msp432p401x.aem4f : SDSPI.oem4f (.text:transmitDataBlock)
                  000071cc    00000074                               : SDSPI.oem4f (.text:SDSPI_open)
                  00007240    00000074     rtsv7M4_T_le_v4SPD16_eabi.lib : fclose.c.obj (.text:__TI_closefile)
                  000072b4    00000074     fatfs.a : ff.obj (.text:follow_path)
                  00007328    00000070     nortos_msp432p401x.aem4f : HwiPMSP432_nortos.oem4f (.text:HwiP_construct)
                  00007398    00000070     fatfs.a : ff.obj (.text:remove_chain)
                  00007408    0000006e     rtsv7M4_T_le_v4SPD16_eabi.lib : _printfi.c.obj (.text:_mcpy)
                  00007476    00000002     nortos_msp432p401x.aem4f : startup_msp432_ccs.oem4f (.text:faultISR)
                  00007478    0000006e     fatfs.a : ff.obj (.text:check_fs)
                  000074e6    00000002     nortos_msp432p401x.aem4f : startup_msp432_ccs.oem4f (.text:nmiISR)
                  000074e8    0000006d                              : SystemP_nortos.oem4f (.text:formatNum)
                  00007555    00000001     --HOLE-- [fill = 0]
                  00007556    00000002     rtsv7M4_T_le_v4SPD16_eabi.lib : div0.asm.obj (.text)
                  00007558    0000006c                                   : hostrename.c.obj (.text:HOSTrename)
                  000075c4    0000006c     nortos_msp432p401x.aem4f : TimerPMSP432_nortos.oem4f (.text:TimerP_getCurrentTick)
                  00007630    00000068     drivers_msp432p401x.aem4f : GPIOMSP432.oem4f (.text:GPIO_hwiIntFxn)
                  00007698    00000068     rtsv7M4_T_le_v4SPD16_eabi.lib : hostlseek.c.obj (.text:HOSTlseek)
                  00007700    00000068     msp432p4xx_driverlib.lib : interrupt.o (.text:Interrupt_pendInterrupt)
                  00007768    00000068     drivers_msp432p401x.aem4f : PowerMSP432.oem4f (.text:PowerMSP432_getFreqs)
                  000077d0    00000068     nortos_msp432p401x.aem4f : SwiP_nortos.oem4f (.text:SwiP_post)
                  00007838    00000068     drivers_msp432p401x.aem4f : UARTMSP432.oem4f (.text:UARTMSP432_writeCancel)
                  000078a0    00000068     rtsv7M4_T_le_v4SPD16_eabi.lib : copy_decompress_lzss.c.obj (.text:decompress:lzss:__TI_decompress_lzss)
                  00007908    00000068                                   : printf.c.obj (.text:printf)
                  00007970    00000064     drivers_msp432p401x.aem4f : SPIMSP432DMA.oem4f (.text:SPIMSP432DMA_close)
                  000079d4    00000064     rtsv7M4_T_le_v4SPD16_eabi.lib : s_frexp.c.obj (.text:frexp)
                  00007a38    00000064                                   : fseek.c.obj (.text:fseek)
                  00007a9c    00000062                                   : _io_perm.c.obj (.text:__TI_wrt_ok)
                  00007afe    00000002     --HOLE-- [fill = 0]
                  00007b00    00000060     drivers_msp432p401x.aem4f : GPIOMSP432.oem4f (.text:GPIO_setCallback)
                  00007b60    00000060     rtsv7M4_T_le_v4SPD16_eabi.lib : hostopen.c.obj (.text:HOSTopen)
                  00007bc0    0000005c     display.aem4f : Display.oem4f (.text:Display_doOpen)
                  00007c1c    0000005c     msp432p4xx_driverlib.lib : interrupt.o (.text:Interrupt_registerInterrupt)
                  00007c78    0000005c     rtsv7M4_T_le_v4SPD16_eabi.lib : close.c.obj (.text:close)
                  00007cd4    0000005a     fatfs.a : ff.obj (.text:dir_read)
                  00007d2e    00000002     --HOLE-- [fill = 0]
                  00007d30    00000058     drivers_msp432p401x.aem4f : GPIOMSP432.oem4f (.text:GPIO_write)
                  00007d88    00000058     rtsv7M4_T_le_v4SPD16_eabi.lib : hostread.c.obj (.text:HOSTread)
                  00007de0    00000058                                   : hostwrite.c.obj (.text:HOSTwrite)
                  00007e38    00000058     msp432p4xx_driverlib.lib : interrupt.o (.text:Interrupt_unpendInterrupt)
                  00007e90    00000058     nortos_msp432p401x.aem4f : TimerPMSP432_nortos.oem4f (.text:TimerP_dynamicStub)
                  00007ee8    00000058     drivers_msp432p401x.aem4f : UARTMSP432.oem4f (.text:readIsrBinaryBlocking)
                  00007f40    00000058                               : SPIMSP432DMA.oem4f (.text:spiHwiFxn)
                  00007f98    00000056     rtsv7M4_T_le_v4SPD16_eabi.lib : _printfi.c.obj (.text:_pconv_f)
                  00007fee    00000002     --HOLE-- [fill = 0]
                  00007ff0    00000054     msp432p4xx_driverlib.lib : interrupt.o (.text:Interrupt_setPriority)
                  00008044    00000054     player1053.obj (.text:VSTestInitHardware)
                  00008098    00000054     fatfs.a : ff.obj (.text:dir_find)
                  000080ec    00000054     rtsv7M4_T_le_v4SPD16_eabi.lib : ltoa.c.obj (.text:ltoa)
                  00008140    00000054     drivers_msp432p401x.aem4f : SDSPI.oem4f (.text:waitUntilReady)
                  00008194    00000052     rtsv7M4_T_le_v4SPD16_eabi.lib : _printfi.c.obj (.text:_ecpy)
                  000081e6    00000052     fatfs.a : ff.obj (.text:dir_clear)
                  00008238    00000050     nortos_msp432p401x.aem4f : SemaphoreP_nortos.oem4f (.text:SemaphoreP_construct)
                  00008288    00000050     drivers_msp432p401x.aem4f : UDMAMSP432.oem4f (.text:UDMAMSP432_hwiFxn)
                  000082d8    0000004c     rtsv7M4_T_le_v4SPD16_eabi.lib : fflush.c.obj (.text:__TI_doflush)
                  00008324    0000004c                                   : atoi.c.obj (.text:atoi)
                  00008370    0000004c     drivers_msp432p401x.aem4f : UARTMSP432.oem4f (.text:readIsrBinaryCallback)
                  000083bc    0000004a     display.aem4f : DisplayUart.oem4f (.text:DisplayUartMin_open)
                  00008406    0000004a     rtsv7M4_T_le_v4SPD16_eabi.lib : _io_perm.c.obj (.text:__TI_rd_ok)
                  00008450    0000004a     fatfs.a : ff.obj (.text:validate)
                  0000849a    00000002     --HOLE-- [fill = 0]
                  0000849c    00000048     nortos_msp432p401x.aem4f : ClockPTimer_nortos.oem4f (.text:ClockP_construct)
                  000084e4    00000048                              : PowerMSP432_nortos.oem4f (.text:PowerMSP432_sleepPolicy)
                  0000852c    00000048     drivers_msp432p401x.aem4f : PowerMSP432.oem4f (.text:Power_releaseConstraint)
                  00008574    00000048     rtsv7M4_T_le_v4SPD16_eabi.lib : exit.c.obj (.text:exit)
                  000085bc    00000048                                   : fd_toi_t2.asm.obj (.text)
                  00008604    00000046     display.aem4f : DisplayUart.oem4f (.text:DisplayUartMin_vprintf)
                  0000864a    00000046     drivers_msp432p401x.aem4f : RingBuf.oem4f (.text:RingBuf_put)
                  00008690    00000046     fatfs.a : ff.obj (.text:dir_alloc)
                  000086d6    00000002     --HOLE-- [fill = 0]
                  000086d8    00000044     rtsv7M4_T_le_v4SPD16_eabi.lib : hostclose.c.obj (.text:HOSTclose)
                  0000871c    00000044                                   : hostunlink.c.obj (.text:HOSTunlink)
                  00008760    00000044     drivers_msp432p401x.aem4f : SDFatFS.oem4f (.text:SDFatFS_init)
                  000087a4    00000044                               : SD.oem4f (.text:SD_init)
                  000087e8    00000044                               : SPI.oem4f (.text:SPI_init)
                  0000882c    00000044     nortos_msp432p401x.aem4f : SemaphoreP_nortos.oem4f (.text:SemaphoreP_post)
                  00008870    00000044                              : SwiP_nortos.oem4f (.text:SwiP_restore)
                  000088b4    00000044                              : TimerPMSP432_nortos.oem4f (.text:TimerP_start)
                  000088f8    00000044     drivers_msp432p401x.aem4f : UART.oem4f (.text:UART_init)
                  0000893c    00000044     rtsv7M4_T_le_v4SPD16_eabi.lib : autoinit.c.obj (.text:__TI_auto_init_nobinit_nopinit:__TI_auto_init_nobinit_nopinit)
                  00008980    00000044     fatfs.a : ff.obj (.text:get_ldnumber)
                  000089c4    00000044     rtsv7M4_T_le_v4SPD16_eabi.lib : getdevice.c.obj (.text:getdevice)
                  00008a08    00000044                                   : fd_tou_t2.asm.obj (.text)
                  00008a4c    00000044     fatfs.a : ff.obj (.text:sync_window)
                  00008a90    00000040     drivers_msp432p401x.aem4f : RingBuf.oem4f (.text:RingBuf_get)
                  00008ad0    00000040                               : SD.oem4f (.text:SD_open)
                  00008b10    00000040                               : SPI.oem4f (.text:SPI_open)
                  00008b50    00000040     nortos_msp432p401x.aem4f : TimerPMSP432_nortos.oem4f (.text:TimerP_setNextTick)
                  00008b90    00000040     drivers_msp432p401x.aem4f : UARTMSP432.oem4f (.text:UARTMSP432_read)
                  00008bd0    00000040                               : UART.oem4f (.text:UART_open)
                  00008c10    00000040     msp432p4xx_driverlib.lib : spi.o (.text:is_A_Module)
                  00008c50    00000040     drivers_msp432p401x.aem4f : UARTMSP432.oem4f (.text:perfChangeNotifyFxn)
                  00008c90    00000040     rtsv7M4_T_le_v4SPD16_eabi.lib : u_divt2.asm.obj (.text)
                  00008cd0    0000003e                                   : _printfi.c.obj (.text:_fcpy)
                  00008d0e    00000002     --HOLE-- [fill = 0]
                  00008d10    0000003c     drivers_msp432p401x.aem4f : SDFatFS.oem4f (.text:SDFatFS_diskIOctrl)
                  00008d4c    0000003c     nortos_msp432p401x.aem4f : TimerPMSP432_nortos.oem4f (.text:TimerP_initDevice)
                  00008d88    0000003a     fatfs.a : ff.obj (.text:dir_register)
                  00008dc2    00000002     --HOLE-- [fill = 0]
                  00008dc4    00000038     drivers_msp432p401x.aem4f : PowerMSP432.oem4f (.text:Power_setConstraint)
                  00008dfc    00000038                               : SDFatFS.oem4f (.text:SDFatFS_close)
                  00008e34    00000038     rtsv7M4_T_le_v4SPD16_eabi.lib : trgmsg.c.obj (.text:__TI_writemsg)
                  00008e6c    00000038     drivers_msp432p401x.aem4f : PowerMSP432.oem4f (.text:notify)
                  00008ea4    00000036                               : UARTMSP432.oem4f (.text:UARTMSP432_readCancel)
                  00008eda    00000036     fatfs.a : ff.obj (.text:move_window)
                  00008f10    00000036     rtsv7M4_T_le_v4SPD16_eabi.lib : strncpy.c.obj (.text:strncpy)
                  00008f46    00000002     --HOLE-- [fill = 0]
                  00008f48    00000034                                   : fopen.c.obj (.text:__TI_cleanup)
                  00008f7c    00000034                                   : trgmsg.c.obj (.text:__TI_readmsg)
                  00008fb0    00000034                                   : boot_cortex_m.c.obj (.text:_c_int00_noargs:_c_int00_noargs)
                  00008fe4    00000034     fatfs.a : ff.obj (.text:dbc_2nd)
                  00009018    00000034             : ffcio.obj (.text:ffcio_lseek)
                  0000904c    00000030     rtsv7M4_T_le_v4SPD16_eabi.lib : getdevice.c.obj (.text:finddevice)
                  0000907c    00000030     drivers_msp432p401x.aem4f : SPIMSP432DMA.oem4f (.text:mapPin)
                  000090ac    00000030                               : UARTMSP432.oem4f (.text:mapPin)
                  000090dc    0000002e     rtsv7M4_T_le_v4SPD16_eabi.lib : i_tofd_t2.asm.obj (.text)
                  0000910a    00000002     --HOLE-- [fill = 0]
                  0000910c    0000002c     drivers_msp432p401x.aem4f : SDFatFS.oem4f (.text:SDFatFS_diskRead)
                  00009138    0000002c                               : SDFatFS.oem4f (.text:SDFatFS_diskWrite)
                  00009164    0000002c     fatfs.a : diskio.obj (.text:disk_register)
                  00009190    0000002c     rtsv7M4_T_le_v4SPD16_eabi.lib : unlink.c.obj (.text:unlink)
                  000091bc    0000002a     display.aem4f : Display.oem4f (.text:Display_doPrintf)
                  000091e6    0000002a     nortos_msp432p401x.aem4f : HwiPMSP432_nortos.oem4f (.text:HwiP_create)
                  00009210    0000002a     drivers_msp432p401x.aem4f : SPIMSP432DMA.oem4f (.text:perfChangeNotifyFxn)
                  0000923a    00000002     --HOLE-- [fill = 0]
                  0000923c    00000028     nortos_msp432p401x.aem4f : ClockPTimer_nortos.oem4f (.text:ClockP_getSystemTicks)
                  00009264    00000028     display.aem4f : Display.oem4f (.text:Display_doInit)
                  0000928c    00000028     drivers_msp432p401x.aem4f : PowerMSP432.oem4f (.text:Power_registerNotify)
                  000092b4    00000028     msp432p4xx_driverlib.lib : spi.o (.text:SPI_getInterruptStatus)
                  000092dc    00000028     fatfs.a : ff.obj (.text:dbc_1st)
                  00009304    00000028     drivers_msp432p401x.aem4f : PowerMSP432.oem4f (.text:disableFaultCounter)
                  0000932c    00000028                               : PowerMSP432.oem4f (.text:disableHFXT)
                  00009354    00000028     fatfs.a : diskio.obj (.text:disk_unregister)
                  0000937c    00000028     drivers_msp432p401x.aem4f : UARTMSP432.oem4f (.text:findBaudDividerIndex)
                  000093a4    00000028     rtsv7M4_T_le_v4SPD16_eabi.lib : memory.c.obj (.text:free_list_insert)
                  000093cc    00000028     fatfs.a : ff.obj (.text:ld_clust)
                  000093f4    00000028     rtsv7M4_T_le_v4SPD16_eabi.lib : lseek.c.obj (.text:lseek)
                  0000941c    00000028                                   : read.c.obj (.text:read)
                  00009444    00000028                                   : write.c.obj (.text:write)
                  0000946c    00000026     drivers_msp432p401x.aem4f : List.oem4f (.text:List_put)
                  00009492    00000026                               : List.oem4f (.text:List_remove)
                  000094b8    00000026     fatfs.a : ff.obj (.text:f_close)
                  000094de    00000002     --HOLE-- [fill = 0]
                  000094e0    00000024     nortos_msp432p401x.aem4f : ClockPTimer_nortos.oem4f (.text:ClockP_getTicks)
                  00009504    00000024                              : ClockPTimer_nortos.oem4f (.text:ClockP_scheduleNextTick)
                  00009528    00000024                              : HwiPMSP432_nortos.oem4f (.text:HwiP_dispatch)
                  0000954c    00000024     drivers_msp432p401x.aem4f : SDFatFS.oem4f (.text:SDFatFS_diskInitialize)
                  00009570    00000024                               : SDSPI.oem4f (.text:SDSPI_close)
                  00009594    00000024     fatfs.a : diskio.obj (.text:disk_ioctl)
                  000095b8    00000024             : diskio.obj (.text:disk_read)
                  000095dc    00000024     mp3_funcs.obj (.text:read_dreq)
                  00009600    00000024     spi_portb.obj (.text:spi_transmit)
                  00009624    00000024     fatfs.a : ff.obj (.text:st_clust)
                  00009648    00000022             : ff.obj (.text:mem_cmp)
                  0000966a    00000002     --HOLE-- [fill = 0]
                  0000966c    00000020     msp432p4xx_driverlib.lib : cs.o (.text:CS_setExternalClockSourceFrequency)
                  0000968c    00000020     nortos_msp432p401x.aem4f : ClockPTimer_nortos.oem4f (.text:ClockP_add)
                  000096ac    00000020     drivers_msp432p401x.aem4f : PowerMSP432.oem4f (.text:Power_unregisterNotify)
                  000096cc    00000020     nortos_msp432p401x.aem4f : QueueP_nortos.oem4f (.text:QueueP_put)
                  000096ec    00000020     drivers_msp432p401x.aem4f : RingBuf.oem4f (.text:RingBuf_peek)
                  0000970c    00000020     player1053.obj (.text:WriteVS10xxMem)
                  0000972c    00000020     fatfs.a : diskio.obj (.text:disk_write)
                  0000974c    00000020             : ffcio.obj (.text:ffcio_close)
                  0000976c    00000020             : ffcio.obj (.text:ffcio_read)
                  0000978c    00000020             : ffcio.obj (.text:ffcio_write)
                  000097ac    00000020     rtsv7M4_T_le_v4SPD16_eabi.lib : memchr.c.obj (.text:memchr)
                  000097cc    00000020     drivers_msp432p401x.aem4f : SDSPI.oem4f (.text:spiTransfer)
                  000097ec    0000001c     msp432p4xx_driverlib.lib : interrupt.o (.text:Interrupt_unregisterInterrupt)
                  00009808    0000001c     nortos_msp432p401x.aem4f : SwiP_nortos.oem4f (.text:SwiP_disable)
                  00009824    0000001c     fatfs.a : ff.obj (.text:dir_remove)
                  00009840    0000001c             : diskio.obj (.text:disk_initialize)
                  0000985c    0000001c             : diskio.obj (.text:disk_status)
                  00009878    0000001c     ti_drivers_config.obj (.text:dmaErrorFxn)
                  00009894    0000001c     rtsv7M4_T_le_v4SPD16_eabi.lib : memory.c.obj (.text:free_list_remove)
                  000098b0    0000001c                                   : memccpy.c.obj (.text:memccpy)
                  000098cc    0000001c     spi_portb.obj (.text:spi_receive)
                  000098e8    0000001a     nortos_msp432p401x.aem4f : ClockPTimer_nortos.oem4f (.text:ClockP_create)
                  00009902    0000001a                              : QueueP_nortos.oem4f (.text:QueueP_get)
                  0000991c    0000001a                              : SemaphoreP_nortos.oem4f (.text:SemaphoreP_createBinary)
                  00009936    0000001a     rtsv7M4_T_le_v4SPD16_eabi.lib : s_copysign.c.obj (.text:copysign)
                  00009950    00000018     nortos_msp432p401x.aem4f : ClockPTimer_nortos.oem4f (.text:ClockP_destruct)
                  00009968    00000018     msp432p4xx_driverlib.lib : spi.o (.text:EUSCI_A_SPI_getInterruptStatus)
                  00009980    00000018                              : spi.o (.text:EUSCI_B_SPI_getInterruptStatus)
                  00009998    00000018     nortos_msp432p401x.aem4f : HwiPMSP432_nortos.oem4f (.text:HwiP_delete)
                  000099b0    00000018                              : HwiPMSP432_nortos.oem4f (.text:HwiP_inISR)
                  000099c8    00000018     player1053.obj (.text:ReadVS10xxMem)
                  000099e0    00000018     msp432p4xx_driverlib.lib : sysctl_a.o (.text:SysCtl_A_disableNMISource)
                  000099f8    00000018                              : sysctl_a.o (.text:SysCtl_A_enableNMISource)
                  00009a10    00000018     drivers_msp432p401x.aem4f : UART.oem4f (.text:UART_Params_init)
                  00009a28    00000018     fatfs.a : ff.obj (.text:clst2sect)
                  00009a40    00000018             : ffsystem.obj (.text:ff_cre_syncobj)
                  00009a58    00000018     nortos_msp432p401x.aem4f : startup_msp432_ccs.oem4f (.text:resetISR)
                  00009a70    00000018     rtsv7M4_T_le_v4SPD16_eabi.lib : strcmp.c.obj (.text:strcmp)
                  00009a88    00000016     display.aem4f : DisplayUart.oem4f (.text:DisplayUartMin_close)
                  00009a9e    00000016     nortos_msp432p401x.aem4f : SemaphoreP_nortos.oem4f (.text:SemaphoreP_create)
                  00009ab4    00000016     fatfs.a : ff.obj (.text:ld_dword)
                  00009aca    00000016     main_nortos.obj (.text:main)
                  00009ae0    00000016     nortos_msp432p401x.aem4f : SwiP_nortos.oem4f (.text:maxbit)
                  00009af6    00000016     fatfs.a : ff.obj (.text:mem_cpy)
                  00009b0c    00000016     nortos_msp432p401x.aem4f : SystemP_nortos.oem4f (.text:putChar)
                  00009b22    00000016     fatfs.a : ff.obj (.text:st_dword)
                  00009b38    00000016     rtsv7M4_T_le_v4SPD16_eabi.lib : strchr.c.obj (.text:strchr)
                  00009b4e    00000016     fatfs.a : ff.obj (.text:unlock_fs)
                  00009b64    00000014     drivers_msp432p401x.aem4f : PowerMSP432.oem4f (.text:Power_idleFunc)
                  00009b78    00000014                               : SPI.oem4f (.text:SPI_Params_init)
                  00009b8c    00000014     nortos_msp432p401x.aem4f : SwiP_nortos.oem4f (.text:SwiP_handleHwi)
                  00009ba0    00000014                              : TimerPMSP432_nortos.oem4f (.text:TimerP_getCount)
                  00009bb4    00000014     drivers_msp432p401x.aem4f : UARTMSP432.oem4f (.text:clearTXCPTIFG)
                  00009bc8    00000014     fatfs.a : ffsystem.obj (.text:ff_req_grant)
                  00009bdc    00000014     rtsv7M4_T_le_v4SPD16_eabi.lib : strcpy.c.obj (.text:strcpy)
                  00009bf0    00000014                                   : strlen.c.obj (.text:strlen)
                  00009c04    00000012     nortos_msp432p401x.aem4f : HwiPMSP432_nortos.oem4f (.text:HwiP_Params_init)
                  00009c16    00000012     drivers_msp432p401x.aem4f : RingBuf.oem4f (.text:RingBuf_construct)
                  00009c28    00000012     fatfs.a : ff.obj (.text:chk_chr)
                  00009c3a    00000012             : ffcio.obj (.text:ffcio_rename)
                  00009c4c    00000012             : ffcio.obj (.text:ffcio_unlink)
                  00009c5e    00000012             : ff.obj (.text:mem_set)
                  00009c70    00000012     rtsv7M4_T_le_v4SPD16_eabi.lib : wcslen.c.obj (.text:wcslen)
                  00009c82    00000002     --HOLE-- [fill = 0]
                  00009c84    00000010     nortos_msp432p401x.aem4f : ClockPTimer_nortos.oem4f (.text:ClockP_Params_init)
                  00009c94    00000010                              : ClockPTimer_nortos.oem4f (.text:ClockP_delete)
                  00009ca4    00000010                              : HwiPMSP432_nortos.oem4f (.text:HwiP_disable)
                  00009cb4    00000010     msp432p4xx_driverlib.lib : interrupt.o (.text:Interrupt_disableMaster)
                  00009cc4    00000010                              : interrupt.o (.text:Interrupt_enableMaster)
                  00009cd4    00000010     drivers_msp432p401x.aem4f : PowerMSP432.oem4f (.text:PowerMSP432_getNumPerfLevels)
                  00009ce4    00000010                               : PowerMSP432.oem4f (.text:Power_disablePolicy)
                  00009cf4    00000010                               : PowerMSP432.oem4f (.text:Power_enablePolicy)
                  00009d04    00000010                               : SDFatFS.oem4f (.text:SDFatFS_diskStatus)
                  00009d14    00000010     nortos_msp432p401x.aem4f : SemaphoreP_nortos.oem4f (.text:SemaphoreP_Params_init)
                  00009d24    00000010                              : SwiP_nortos.oem4f (.text:SwiP_Params_init)
                  00009d34    00000010     msp432p4xx_driverlib.lib : sysctl_a.o (.text:SysCtl_A_getNMISourceStatus)
                  00009d44    00000010                              : sysctl.o (.text:SysCtl_getNMISourceStatus)
                  00009d54    00000010     nortos_msp432p401x.aem4f : TimerPMSP432_nortos.oem4f (.text:TimerP_Params_init)
                  00009d64    00000010     drivers_msp432p401x.aem4f : UARTMSP432.oem4f (.text:readBlockingTimeout)
                  00009d74    0000000e     nortos_msp432p401x.aem4f : QueueP_nortos.oem4f (.text:QueueP_empty)
                  00009d82    0000000e                              : QueueP_nortos.oem4f (.text:QueueP_remove)
                  00009d90    0000000e     rtsv7M4_T_le_v4SPD16_eabi.lib : copy_decompress_none.c.obj (.text:decompress:none:__TI_decompress_none)
                  00009d9e    0000000c     ti_drivers_config.obj (.text:Board_init)
                  00009daa    0000000c     msp432p4xx_driverlib.lib : cpu.o (.text:CPU_cpsid)
                  00009db6    0000000c                              : cpu.o (.text:CPU_cpsie)
                  00009dc2    00000002     --HOLE-- [fill = 0]
                  00009dc4    0000000c     nortos_msp432p401x.aem4f : ClockPTimer_nortos.oem4f (.text:ClockP_doTick)
                  00009dd0    0000000c                              : ClockPTimer_nortos.oem4f (.text:ClockP_getSystemTickPeriod)
                  00009ddc    0000000c     drivers_msp432p401x.aem4f : PowerMSP432.oem4f (.text:Power_getConstraintMask)
                  00009de8    0000000c                               : PowerMSP432.oem4f (.text:Power_getPerformanceLevel)
                  00009df4    0000000c                               : SDSPI.oem4f (.text:SDSPI_init)
                  00009e00    0000000c     nortos_msp432p401x.aem4f : TimerPMSP432_nortos.oem4f (.text:TimerP_getFreq)
                  00009e0c    0000000c                              : TimerPMSP432_nortos.oem4f (.text:TimerP_getMaxTicks)
                  00009e18    0000000c     rtsv7M4_T_le_v4SPD16_eabi.lib : copy_zero_init.c.obj (.text:decompress:ZI:__TI_zero_init)
                  00009e24    0000000c     fatfs.a : ff.obj (.text:ld_word)
                  00009e30    0000000a     drivers_msp432p401x.aem4f : SD.oem4f (.text:SD_close)
                  00009e3a    0000000a                               : SD.oem4f (.text:SD_getNumSectors)
                  00009e44    0000000a                               : SD.oem4f (.text:SD_getSectorSize)
                  00009e4e    0000000a                               : SD.oem4f (.text:SD_initialize)
                  00009e58    0000000a                               : SD.oem4f (.text:SD_read)
                  00009e62    0000000a                               : SD.oem4f (.text:SD_write)
                  00009e6c    0000000a                               : SPI.oem4f (.text:SPI_close)
                  00009e76    0000000a                               : SPI.oem4f (.text:SPI_transfer)
                  00009e80    0000000a                               : UART.oem4f (.text:UART_close)
                  00009e8a    0000000a                               : UART.oem4f (.text:UART_control)
                  00009e94    0000000a                               : UART.oem4f (.text:UART_write)
                  00009e9e    0000000a     fatfs.a : ffsystem.obj (.text:ff_del_syncobj)
                  00009ea8    0000000a             : ff.obj (.text:st_word)
                  00009eb2    00000008     nortos_msp432p401x.aem4f : HwiPMSP432_nortos.oem4f (.text:HwiP_restore)
                  00009eba    00000002     --HOLE-- [fill = 0]
                  00009ebc    00000008     rtsv7M4_T_le_v4SPD16_eabi.lib : errno.c.obj (.text:__aeabi_errno_addr)
                  00009ec4    00000008     drivers_msp432p401x.aem4f : SPIMSP432DMA.oem4f (.text:blockingTransferCallback)
                  00009ecc    00000008     fatsd_nortos.obj (.text:fatfs_getFatTime)
                  00009ed4    00000008     rtsv7M4_T_le_v4SPD16_eabi.lib : memory.c.obj (.text:malloc)
                  00009edc    00000008     drivers_msp432p401x.aem4f : UARTMSP432.oem4f (.text:readSemCallback)
                  00009ee4    00000008                               : UARTMSP432.oem4f (.text:txcptEnabledStatus)
                  00009eec    00000008                               : UARTMSP432.oem4f (.text:writeSemCallback)
                  00009ef4    00000006     nortos_msp432p401x.aem4f : ClockPTimer_nortos.oem4f (.text:ClockP_stop)
                  00009efa    00000006     display.aem4f : DisplayUart.oem4f (.text:DisplayUartMin_control)
                  00009f00    00000006                   : DisplayUart.oem4f (.text:DisplayUartMin_getType)
                  00009f06    00000006     nortos_msp432p401x.aem4f : QueueP_nortos.oem4f (.text:QueueP_init)
                  00009f0c    00000006     drivers_msp432p401x.aem4f : SDSPI.oem4f (.text:SDSPI_control)
                  00009f12    00000006                               : SDSPI.oem4f (.text:SDSPI_getSectorSize)
                  00009f18    00000006                               : SPIMSP432DMA.oem4f (.text:SPIMSP432DMA_control)
                  00009f1e    00000006     fatfs.a : ff.obj (.text:lock_fs)
                  00009f24    00000004     nortos_msp432p401x.aem4f : ClockPTimer_nortos.oem4f (.text:ClockP_isActive)
                  00009f28    00000004                              : ClockPTimer_nortos.oem4f (.text:ClockP_setTimeout)
                  00009f2c    00000004                              : HwiPMSP432_nortos.oem4f (.text:HwiP_clearInterrupt)
                  00009f30    00000004                              : HwiPMSP432_nortos.oem4f (.text:HwiP_disableInterrupt)
                  00009f34    00000004                              : HwiPMSP432_nortos.oem4f (.text:HwiP_enable)
                  00009f38    00000004                              : HwiPMSP432_nortos.oem4f (.text:HwiP_enableInterrupt)
                  00009f3c    00000004                              : HwiPMSP432_nortos.oem4f (.text:HwiP_post)
                  00009f40    00000004                              : QueueP_nortos.oem4f (.text:QueueP_head)
                  00009f44    00000004                              : QueueP_nortos.oem4f (.text:QueueP_next)
                  00009f48    00000004     drivers_msp432p401x.aem4f : SPIMSP432DMA.oem4f (.text:SPIMSP432DMA_init)
                  00009f4c    00000004     nortos_msp432p401x.aem4f : SemaphoreP_nortos.oem4f (.text:SemaphoreP_delete)
                  00009f50    00000004                              : SystemP_nortos.oem4f (.text:SystemP_vsnprintf)
                  00009f54    00000004                              : TimerPMSP432_nortos.oem4f (.text:TimerP_setPeriod)
                  00009f58    00000004     rtsv7M4_T_le_v4SPD16_eabi.lib : printf.c.obj (.text:_outc)
                  00009f5c    00000004                                   : printf.c.obj (.text:_outs)
                  00009f60    00000004                                   : pre_init.c.obj (.text:_system_pre_init)
                  00009f64    00000004                                   : exit.c.obj (.text:abort:abort)
                  00009f68    00000004     fatfs.a : diskio.obj (.text:get_fattime)

.const     0    00009f6c    000026c4     
                  00009f6c    000022c0     player1053.obj (.const:plugin)
                  0000c22c    00000101     rtsv7M4_T_le_v4SPD16_eabi.lib : ctype.c.obj (.const:.string:_ctypes_)
                  0000c32d    00000002     drivers_msp432p401x.aem4f : SDSPI.oem4f (.const:.string:$P$T1$2)
                  0000c32f    00000001     display.aem4f : Display.oem4f (.const:Display_defaultParams)
                  0000c330    00000050     msp432p4xx_driverlib.lib : interrupt.o (.const:g_pulRegs)
                  0000c380    00000040     ti_drivers_config.obj (.const:uartMSP432Baudrates)
                  0000c3c0    00000038     ti_drivers_config.obj (.const:PowerMSP432_config)
                  0000c3f8    0000002c     ti_drivers_config.obj (.const:uartMSP432HWAttrs)
                  0000c424    00000028     drivers_msp432p401x.aem4f : UARTMSP432.oem4f (.const:UARTMSP432_fxnTable)
                  0000c44c    00000024                               : SDSPI.oem4f (.const:SDSPI_fxnTable)
                  0000c470    00000024                               : UART.oem4f (.const:UART_defaultParams)
                  0000c494    00000024     ti_drivers_config.obj (.const:spiMSP432DMAHWAttrs)
                  0000c4b8    00000020     display.aem4f : DisplayUart.oem4f (.const:DisplayUartMin_fxnTable)
                  0000c4d8    00000020     drivers_msp432p401x.aem4f : SPI.oem4f (.const:SPI_defaultParams)
                  0000c4f8    00000020     player1053.obj (.const:chipNumber)
                  0000c518    00000020     drivers_msp432p401x.aem4f : UARTMSP432.oem4f (.const:staticFxnTable)
                  0000c538    00000018                               : SPIMSP432DMA.oem4f (.const:SPIMSP432DMA_fxnTable)
                  0000c550    00000014     ti_drivers_config.obj (.const:GPIOMSP432_config)
                  0000c564    00000014     ti_drivers_config.obj (.const:displayUartHWAttrs)
                  0000c578    00000010     nortos_msp432p401x.aem4f : SwiP_nortos.oem4f (.const:SwiP_defaultParams)
                  0000c588    0000000c     ti_drivers_config.obj (.const:Display_config)
                  0000c594    0000000c     ti_drivers_config.obj (.const:SD_config)
                  0000c5a0    0000000c     ti_drivers_config.obj (.const:SPI_config)
                  0000c5ac    0000000c     ti_drivers_config.obj (.const:UART_config)
                  0000c5b8    0000000c     ti_drivers_config.obj (.const:udmaMSP432HWAttrs)
                  0000c5c4    0000000a     drivers_msp432p401x.aem4f : SDSPI.oem4f (.const:.string:$P$T0$1)
                  0000c5ce    0000000a     fatfs.a : ff.obj (.const:.string:DbcTbl)
                  0000c5d8    00000008     ti_drivers_config.obj (.const:UDMAMSP432_config)
                  0000c5e0    00000008     drivers_msp432p401x.aem4f : SPIMSP432DMA.oem4f (.const:frameFormat)
                  0000c5e8    00000008     msp432p4xx_driverlib.lib : interrupt.o (.const:g_pulDisRegs)
                  0000c5f0    00000008                              : interrupt.o (.const:g_pulEnRegs)
                  0000c5f8    00000008                              : interrupt.o (.const:g_pulPendRegs)
                  0000c600    00000008                              : interrupt.o (.const:g_pulUnpendRegs)
                  0000c608    00000006     drivers_msp432p401x.aem4f : GPIOMSP432.oem4f (.const:.string:interruptType)
                  0000c60e    00000006                               : GPIOMSP432.oem4f (.const:.string:portInterruptIds)
                  0000c614    00000005                               : UARTMSP432.oem4f (.const:.string:parityTypes)
                  0000c619    00000005     ti_drivers_config.obj (.const)
                  0000c61e    00000002     drivers_msp432p401x.aem4f : SDSPI.oem4f (.const:.string:$P$T2$3)
                  0000c620    00000004     ti_drivers_config.obj (.const:SDFatFS_config)
                  0000c624    00000004     drivers_msp432p401x.aem4f : SD.oem4f (.const:SD_defaultParams)
                  0000c628    00000004     ti_drivers_config.obj (.const:sdspiHWAttrs)
                  0000c62c    00000004     drivers_msp432p401x.aem4f : UARTMSP432.oem4f (.const:stopBits)

.cinit     0    0000c630    00000120     
                  0000c630    000000e9     (.cinit..data.load) [load image, compression = lzss]
                  0000c719    00000003     --HOLE-- [fill = 0]
                  0000c71c    0000000c     (__TI_handler_table)
                  0000c728    00000008     (.cinit..bss.load) [load image, compression = zero_init]
                  0000c730    00000008     (.cinit..vtable.load) [load image, compression = zero_init]
                  0000c738    00000018     (__TI_cinit_table)

.init_array 
*          0    00000000    00000000     UNINITIALIZED

.intvecs   0    00000000    00000144     
                  00000000    00000144     nortos_msp432p401x.aem4f : startup_msp432_ccs.oem4f (.intvecs:retain)

.sysmem    0    20000000    00008000     UNINITIALIZED
                  20000000    00000010     rtsv7M4_T_le_v4SPD16_eabi.lib : memory.c.obj (.sysmem)
                  20000010    00007ff0     --HOLE--

.bss       0    20008000    00000df9     UNINITIALIZED
                  20008000    00000400     ti_drivers_config.obj (.bss:displayUARTBuffer)
                  20008400    00000240     (.common:sdfatfsObjects)
                  20008640    00000200     player1053.obj (.bss:playBuf$1)
                  20008840    00000120     rtsv7M4_T_le_v4SPD16_eabi.lib : trgmsg.c.obj (.bss:_CIOBUF_)
                  20008960    000000a0     nortos_msp432p401x.aem4f : ClockPTimer_nortos.oem4f (.bss:ClockP_module)
                  20008a00    00000100     ti_drivers_config.obj (.bss:dmaControlTable)
                  20008b00    000000a0     (.common:__TI_tmpnams)
                  20008ba0    00000080     (.common:uartMSP432Objects)
                  20008c20    00000048     (.common:spiMSP432DMAObjects)
                  20008c68    00000030     drivers_msp432p401x.aem4f : GPIOMSP432.oem4f (.bss:gpioCallbackInfo)
                  20008c98    00000028     fatfs.a : ffcio.obj (.bss:filTable)
                  20008cc0    00000020     nortos_msp432p401x.aem4f : SwiP_nortos.oem4f (.bss:SwiP_readyList)
                  20008ce0    00000020     drivers_msp432p401x.aem4f : UDMAMSP432.oem4f (.bss:hwiFxnArgs)
                  20008d00    00000020                               : UDMAMSP432.oem4f (.bss:hwiFxnHandlers)
                  20008d20    00000020     ti_drivers_config.obj (.bss:uartMSP432RingBuffer0)
                  20008d40    0000001c     nortos_msp432p401x.aem4f : SwiP_nortos.oem4f (.bss:SwiP_hwiStruct)
                  20008d5c    0000001c                              : TimerPMSP432_nortos.oem4f (.bss:TimerP_hwiStruct)
                  20008d78    00000010     fatfs.a : ff.obj (.bss:FatFs)
                  20008d88    00000010     drivers_msp432p401x.aem4f : UDMAMSP432.oem4f (.bss:hwiHandles)
                  20008d98    00000010                               : SDFatFS.oem4f (.bss:sdFatFSHandles)
                  20008da8    0000000d     nortos_msp432p401x.aem4f : SwiP_nortos.oem4f (.bss)
                  20008db5    00000001     (.common:playerState)
                  20008db6    00000002     fatfs.a : ff.obj (.bss)
                  20008db8    0000000c     (.common:displayUartObject)
                  20008dc4    0000000c     (.common:sdspiObjects)
                  20008dd0    00000008     msp432p4xx_driverlib.lib : cs.o (.bss)
                  20008dd8    00000008     nortos_msp432p401x.aem4f : ClockPTimer_nortos.oem4f (.bss:timerFreq)
                  20008de0    00000008     (.common:parmbuf)
                  20008de8    00000004     drivers_msp432p401x.aem4f : GPIOMSP432.oem4f (.bss)
                  20008dec    00000004     fatsd_nortos.obj (.bss)
                  20008df0    00000004     nortos_msp432p401x.aem4f : ClockPTimer_nortos.oem4f (.bss)
                  20008df4    00000004                              : TimerPMSP432_nortos.oem4f (.bss)
                  20008df8    00000001     (.common:udmaMSP432Object)

.data      0    20008dfc    00000556     UNINITIALIZED
                  20008dfc    00000140     nortos_msp432p401x.aem4f : HwiPMSP432_nortos.oem4f (.data:HwiP_dispatchTable)
                  20008f3c    00000140     drivers_msp432p401x.aem4f : PowerMSP432.oem4f (.data:PowerMSP432_perfLevels)
                  2000907c    000000f0     rtsv7M4_T_le_v4SPD16_eabi.lib : defs.c.obj (.data:_ftable)
                  2000916c    00000078                                   : host_device.c.obj (.data:_device)
                  200091e4    00000050                                   : host_device.c.obj (.data:_stream)
                  20009234    00000050     fatfs.a : diskio.obj (.data:drive_fxn_table)
                  20009284    0000002c     drivers_msp432p401x.aem4f : PowerMSP432.oem4f (.data:PowerMSP432_module)
                  200092b0    00000010                               : UDMAMSP432.oem4f (.data)
                  200092c0    00000010     rtsv7M4_T_le_v4SPD16_eabi.lib : defs.c.obj (.data)
                  200092d0    0000000c                                   : exit.c.obj (.data:$O1$$)
                  200092dc    0000000c     nortos_msp432p401x.aem4f : ClockPTimer_nortos.oem4f (.data:ClockP_defaultParams)
                  200092e8    0000000c                              : TimerPMSP432_nortos.oem4f (.data:TimerP_defaultParams)
                  200092f4    00000008     rtsv7M4_T_le_v4SPD16_eabi.lib : _lock.c.obj (.data:$O1$$)
                  200092fc    00000008                                   : memory.c.obj (.data:$O1$$)
                  20009304    00000008     nortos_msp432p401x.aem4f : SemaphoreP_nortos.oem4f (.data:SemaphoreP_defaultParams)
                  2000930c    00000008     ti_drivers_config.obj (.data:gpioCallbackFunctions)
                  20009314    00000008     ti_drivers_config.obj (.data:gpioPinConfigs)
                  2000931c    00000008     nortos_msp432p401x.aem4f : ClockPTimer_nortos.oem4f (.data)
                  20009324    00000008                              : HwiPMSP432_nortos.oem4f (.data)
                  2000932c    00000004     fatfs.a : ffcio.obj (.data)
                  20009330    00000004     fatsd_nortos.obj (.data:fatfsPrefix)
                  20009334    00000004     rtsv7M4_T_le_v4SPD16_eabi.lib : add_device.c.obj (.data)
                  20009338    00000004                                   : errno.c.obj (.data)
                  2000933c    00000004                                   : fopen.c.obj (.data)
                  20009340    00000004                                   : open.c.obj (.data)
                  20009344    00000003     nortos_msp432p401x.aem4f : SemaphoreP_nortos.oem4f (.data)
                  20009347    00000002     drivers_msp432p401x.aem4f : GPIOMSP432.oem4f (.data)
                  20009349    00000002     spi_portb.obj (.data)
                  2000934b    00000001     drivers_msp432p401x.aem4f : SD.oem4f (.data)
                  2000934c    00000001                               : SDFatFS.oem4f (.data)
                  2000934d    00000001                               : SPI.oem4f (.data)
                  2000934e    00000001                               : UART.oem4f (.data)
                  2000934f    00000001     nortos_msp432p401x.aem4f : SwiP_nortos.oem4f (.data)
                  20009350    00000001                              : TimerPMSP432_nortos.oem4f (.data)
                  20009351    00000001     player1053.obj (.data)

.vtable    0    20009400    000000e8     UNINITIALIZED
                  20009400    000000e8     msp432p4xx_driverlib.lib : interrupt.o (.vtable)

.stack     0    2000f000    00001000     UNINITIALIZED
                  2000f000    00000004     rtsv7M4_T_le_v4SPD16_eabi.lib : boot_cortex_m.c.obj (.stack)
                  2000f004    00000ffc     --HOLE--

.binit     0    00000000    00000000     

MODULE SUMMARY

       Module                       code    ro data   rw data
       ------                       ----    -------   -------
    .\
       player1053.obj               1268    8928      1028   
       mp3_funcs.obj                824     0         0      
       fatsd_nortos.obj             560     0         16     
       spi_portb.obj                200     0         4      
       main_nortos.obj              22      0         0      
    +--+----------------------------+-------+---------+---------+
       Total:                       2874    8928      1048   
                                                             
    .\syscfg\
       ti_drivers_config.obj        42      321       4258   
    +--+----------------------------+-------+---------+---------+
       Total:                       42      321       4258   
                                                             
    C:/ti/simplelink_msp432p4_sdk_3_30_00_13/kernel/nortos/lib/nortos_msp432p401x.aem4f
       ClockPTimer_nortos.oem4f     936     0         384    
       HwiPMSP432_nortos.oem4f      300     0         656    
       SystemP_nortos.oem4f         863     0         0      
       SwiP_nortos.oem4f            630     16        148    
       TimerPMSP432_nortos.oem4f    676     0         90     
       SemaphoreP_nortos.oem4f      378     0         22     
       startup_msp432_ccs.oem4f     32      324       0      
       QueueP_nortos.oem4f          100     0         0      
       PowerMSP432_nortos.oem4f     76      0         0      
    +--+----------------------------+-------+---------+---------+
       Total:                       3991    340       1300   
                                                             
    C:/ti/simplelink_msp432p4_sdk_3_30_00_13/source/third_party/fatfs/lib/ccs/m4f/fatfs.a
       ff.obj                       5633    10        36     
       ffcio.obj                    352     0         88     
       diskio.obj                   248     0         160    
       ffsystem.obj                 54      0         0      
    +--+----------------------------+-------+---------+---------+
       Total:                       6287    10        284    
                                                             
    C:/ti/simplelink_msp432p4_sdk_3_30_00_13/source/ti/devices/msp432p4xx/driverlib/ccs/msp432p4xx_driverlib.lib
       interrupt.o                  686     112       464    
       cs.o                         704     0         16     
       spi.o                        328     0         0      
       uart.o                       284     0         0      
       dma.o                        240     0         0      
       sysctl_a.o                   64      0         0      
       cpu.o                        24      0         0      
       sysctl.o                     16      0         0      
    +--+----------------------------+-------+---------+---------+
       Total:                       2346    112       480    
                                                             
    C:/ti/simplelink_msp432p4_sdk_3_30_00_13/source/ti/display/lib/display.aem4f
       DisplayUart.oem4f            184     32        0      
       Display.oem4f                174     1         0      
    +--+----------------------------+-------+---------+---------+
       Total:                       358     33        0      
                                                             
    C:/ti/simplelink_msp432p4_sdk_3_30_00_13/source/ti/drivers/lib/drivers_msp432p401x.aem4f
       UARTMSP432.oem4f             3380    81        0      
       PowerMSP432.oem4f            2228    0         728    
       SPIMSP432DMA.oem4f           1894    32        0      
       SDSPI.oem4f                  1706    50        0      
       UDMAMSP432.oem4f             900     0         192    
       GPIOMSP432.oem4f             828     12        108    
       SDFatFS.oem4f                532     0         34     
       UART.oem4f                   186     36        2      
       SPI.oem4f                    172     32        2      
       SD.oem4f                     192     4         2      
       RingBuf.oem4f                184     0         0      
       List.oem4f                   76      0         0      
    +--+----------------------------+-------+---------+---------+
       Total:                       12278   247       1068   
                                                             
    C:\ti\ccs910\ccs\tools\compiler\ti-cgt-arm_18.12.3.LTS\lib\rtsv7M4_T_le_v4SPD16_eabi.lib
       _printfi.c.obj               4851    0         0      
       defs.c.obj                   0       0         832    
       memory.c.obj                 676     0         16     
       trgmsg.c.obj                 108     0         576    
       fopen.c.obj                  476     0         8      
       fd_add_t2.asm.obj            438     0         0      
       host_device.c.obj            0       0         400    
       fd_div_t2.asm.obj            310     0         0      
       fputs.c.obj                  276     0         0      
       s_scalbn.c.obj               272     0         0      
       fd_cmp_t2.asm.obj            268     0         0      
       ctype.c.obj                  0       257       0      
       fd_mul_t2.asm.obj            252     0         0      
       fread.c.obj                  248     0         0      
       setvbuf.c.obj                220     0         0      
       fflush.c.obj                 200     0         0      
       open.c.obj                   188     0         8      
       add_device.c.obj             184     0         8      
       _io_perm.c.obj               172     0         0      
       _bufread.c.obj               156     0         0      
       memcpy_t2.asm.obj            156     0         0      
       ull_div_t2.asm.obj           150     0         0      
       fputc.c.obj                  140     0         0      
       memset_t2.asm.obj            122     0         0      
       fclose.c.obj                 116     0         0      
       getdevice.c.obj              116     0         0      
       hostopen.c.obj               96      0         16     
       printf.c.obj                 112     0         0      
       hostrename.c.obj             108     0         0      
       copy_decompress_lzss.c.obj   104     0         0      
       hostlseek.c.obj              104     0         0      
       exit.c.obj                   76      0         24     
       fseek.c.obj                  100     0         0      
       s_frexp.c.obj                100     0         0      
       close.c.obj                  92      0         0      
       hostread.c.obj               88      0         0      
       hostwrite.c.obj              88      0         0      
       ltoa.c.obj                   84      0         0      
       atoi.c.obj                   76      0         0      
       fd_toi_t2.asm.obj            72      0         0      
       autoinit.c.obj               68      0         0      
       fd_tou_t2.asm.obj            68      0         0      
       hostclose.c.obj              68      0         0      
       hostunlink.c.obj             68      0         0      
       u_divt2.asm.obj              64      0         0      
       strncpy.c.obj                54      0         0      
       boot_cortex_m.c.obj          52      0         0      
       i_tofd_t2.asm.obj            46      0         0      
       unlink.c.obj                 44      0         0      
       lseek.c.obj                  40      0         0      
       read.c.obj                   40      0         0      
       write.c.obj                  40      0         0      
       memchr.c.obj                 32      0         0      
       memccpy.c.obj                28      0         0      
       s_copysign.c.obj             26      0         0      
       strcmp.c.obj                 24      0         0      
       strchr.c.obj                 22      0         0      
       strcpy.c.obj                 20      0         0      
       strlen.c.obj                 20      0         0      
       _lock.c.obj                  2       0         16     
       wcslen.c.obj                 18      0         0      
       errno.c.obj                  8       0         8      
       copy_decompress_none.c.obj   14      0         0      
       copy_zero_init.c.obj         12      0         0      
       pre_init.c.obj               4       0         0      
       div0.asm.obj                 2       0         0      
    +--+----------------------------+-------+---------+---------+
       Total:                       12279   257       1912   
                                                             
       Heap:                        0       0         65536  
       Stack:                       0       0         8192   
       Linker Generated:            0       285       0      
    +--+----------------------------+-------+---------+---------+
       Grand Total:                 40455   10533     84078  


LINKER GENERATED COPY TABLES

__TI_cinit_table @ 0000c738 records: 3, size/record: 8, table size: 24
	.data: load addr=0000c630, load size=000000e9 bytes, run addr=20008dfc, run size=00000556 bytes, compression=lzss
	.bss: load addr=0000c728, load size=00000008 bytes, run addr=20008000, run size=00000df9 bytes, compression=zero_init
	.vtable: load addr=0000c730, load size=00000008 bytes, run addr=20009400, run size=000000e8 bytes, compression=zero_init


LINKER GENERATED HANDLER TABLE

__TI_handler_table @ 0000c71c records: 3, size/record: 4, table size: 12
	index: 0, handler: __TI_decompress_lzss
	index: 1, handler: __TI_decompress_none
	index: 2, handler: __TI_zero_init


GLOBAL SYMBOLS: SORTED ALPHABETICALLY BY Name 

address   name                              
-------   ----                              
00009d9f  Board_init                        
00000b93  Board_initHook                    
00009f65  C$$EXIT                           
00008e63  C$$IO$$                           
00009dab  CPU_cpsid                         
00009db7  CPU_cpsie                         
0000966d  CS_setExternalClockSourceFrequency
00004661  CS_startHFXTWithTimeout           
00004745  CS_startLFXTWithTimeout           
00009c85  ClockP_Params_init                
0000968d  ClockP_add                        
0000849d  ClockP_construct                  
000098e9  ClockP_create                     
00009c95  ClockP_delete                     
00009951  ClockP_destruct                   
00009dc5  ClockP_doTick                     
00009dd1  ClockP_getSystemTickPeriod        
0000923d  ClockP_getSystemTicks             
000094e1  ClockP_getTicks                   
00009f25  ClockP_isActive                   
00009505  ClockP_scheduleNextTick           
00009f29  ClockP_setTimeout                 
00006ced  ClockP_start                      
000055b1  ClockP_startup                    
00009ef5  ClockP_stop                       
20009320  ClockP_tickPeriod                 
000070dd  ClockP_walkQueueDynamic           
00005a91  ClockP_workFuncDynamic            
00004399  DMA_setChannelTransfer            
00002d03  DisplayUartMin_clear              
0000326f  DisplayUartMin_clearLines         
00009a89  DisplayUartMin_close              
00009efb  DisplayUartMin_control            
0000c4b8  DisplayUartMin_fxnTable           
00009f01  DisplayUartMin_getType            
000034e3  DisplayUartMin_init               
000083bd  DisplayUartMin_open               
00008605  DisplayUartMin_vprintf            
0000c588  Display_config                    
0000c619  Display_count                     
0000c32f  Display_defaultParams             
00009265  Display_doInit                    
00007bc1  Display_doOpen                    
000091bd  Display_doPrintf                  
00009969  EUSCI_A_SPI_getInterruptStatus    
00009981  EUSCI_B_SPI_getInterruptStatus    
0000c550  GPIOMSP432_config                 
00007631  GPIO_hwiIntFxn                    
00005b3d  GPIO_init                         
00007b01  GPIO_setCallback                  
00002d05  GPIO_setConfig                    
00007d31  GPIO_write                        
000086d9  HOSTclose                         
00007699  HOSTlseek                         
00007b61  HOSTopen                          
00007d89  HOSTread                          
00007559  HOSTrename                        
0000871d  HOSTunlink                        
00007de1  HOSTwrite                         
00009c05  HwiP_Params_init                  
00009f2d  HwiP_clearInterrupt               
00007329  HwiP_construct                    
000091e7  HwiP_create                       
00009999  HwiP_delete                       
00009ca5  HwiP_disable                      
00009f31  HwiP_disableInterrupt             
00009529  HwiP_dispatch                     
00009f35  HwiP_enable                       
00009f39  HwiP_enableInterrupt              
000099b1  HwiP_inISR                        
20009324  HwiP_key                          
00009f3d  HwiP_post                         
00009eb3  HwiP_restore                      
20009328  HwiP_swiPIntNum                   
00006d6d  Interrupt_disableInterrupt        
00009cb5  Interrupt_disableMaster           
00006ded  Interrupt_enableInterrupt         
00009cc5  Interrupt_enableMaster            
00007701  Interrupt_pendInterrupt           
00007c1d  Interrupt_registerInterrupt       
00007ff1  Interrupt_setPriority             
00007e39  Interrupt_unpendInterrupt         
000097ed  Interrupt_unregisterInterrupt     
0000946d  List_put                          
00009493  List_remove                       
00005665  LoadPlugin                        
00009f35  NoRTOS_start                      
0000c3c0  PowerMSP432_config                
00007769  PowerMSP432_getFreqs              
00009cd5  PowerMSP432_getNumPerfLevels      
00004577  PowerMSP432_initPolicy            
20009284  PowerMSP432_module                
20008f3c  PowerMSP432_perfLevels            
000084e5  PowerMSP432_sleepPolicy           
00005213  PowerMSP432_updateFreqs           
00009ce5  Power_disablePolicy               
00009cf5  Power_enablePolicy                
00009ddd  Power_getConstraintMask           
00009de9  Power_getPerformanceLevel         
00009b65  Power_idleFunc                    
00006065  Power_init                        
0000928d  Power_registerNotify              
0000852d  Power_releaseConstraint           
00008dc5  Power_setConstraint               
00000b95  Power_sleep                       
000096ad  Power_unregisterNotify            
00009d75  QueueP_empty                      
00009903  QueueP_get                        
00009f41  QueueP_head                       
00009f07  QueueP_init                       
00009f45  QueueP_next                       
000096cd  QueueP_put                        
00009d83  QueueP_remove                     
20009349  RXData                            
00004905  ReadSci                           
000099c9  ReadVS10xxMem                     
00009c17  RingBuf_construct                 
00008a91  RingBuf_get                       
000096ed  RingBuf_peek                      
0000864b  RingBuf_put                       
00008dfd  SDFatFS_close                     
0000c620  SDFatFS_config                    
0000c61a  SDFatFS_count                     
00008d11  SDFatFS_diskIOctrl                
0000954d  SDFatFS_diskInitialize            
0000910d  SDFatFS_diskRead                  
00009d05  SDFatFS_diskStatus                
00009139  SDFatFS_diskWrite                 
00008761  SDFatFS_init                      
00004efd  SDFatFS_open                      
00009571  SDSPI_close                       
00009f0d  SDSPI_control                     
0000c44c  SDSPI_fxnTable                    
00005be9  SDSPI_getNumSectors               
00009f13  SDSPI_getSectorSize               
00009df5  SDSPI_init                        
000022c9  SDSPI_initialize                  
000071cd  SDSPI_open                        
000059e3  SDSPI_read                        
00004fcd  SDSPI_write                       
00009e31  SD_close                          
0000c594  SD_config                         
0000c61b  SD_count                          
0000c624  SD_defaultParams                  
00009e3b  SD_getNumSectors                  
00009e45  SD_getSectorSize                  
000087a5  SD_init                           
00009e4f  SD_initialize                     
00008ad1  SD_open                           
00009e59  SD_read                           
00009e63  SD_write                          
00007971  SPIMSP432DMA_close                
00009f19  SPIMSP432DMA_control              
0000c538  SPIMSP432DMA_fxnTable             
00009f49  SPIMSP432DMA_init                 
000016cd  SPIMSP432DMA_open                 
00003615  SPIMSP432DMA_transfer             
00003dbd  SPIMSP432DMA_transferCancel       
00009b79  SPI_Params_init                   
00009e6d  SPI_close                         
0000c5a0  SPI_config                        
0000c61c  SPI_count                         
0000c4d8  SPI_defaultParams                 
000092b5  SPI_getInterruptStatus            
000087e9  SPI_init                          
00005933  SPI_initMaster                    
00008b11  SPI_open                          
00009e77  SPI_transfer                      
00009d15  SemaphoreP_Params_init            
00008239  SemaphoreP_construct              
00009a9f  SemaphoreP_create                 
0000991d  SemaphoreP_createBinary           
20009304  SemaphoreP_defaultParams          
00009f4d  SemaphoreP_delete                 
00005e85  SemaphoreP_pend                   
0000882d  SemaphoreP_post                   
00009d25  SwiP_Params_init                  
00004d51  SwiP_construct                    
00009809  SwiP_disable                      
00006101  SwiP_dispatch                     
000077d1  SwiP_post                         
00008871  SwiP_restore                      
000099e1  SysCtl_A_disableNMISource         
000099f9  SysCtl_A_enableNMISource          
00009d35  SysCtl_A_getNMISourceStatus       
00009d45  SysCtl_getNMISourceStatus         
00009f51  SystemP_vsnprintf                 
00009d55  TimerP_Params_init                
00004825  TimerP_construct                  
00007e91  TimerP_dynamicStub                
000075c5  TimerP_getCurrentTick             
00009e01  TimerP_getFreq                    
00009e0d  TimerP_getMaxTicks                
00008d4d  TimerP_initDevice                 
00008b51  TimerP_setNextTick                
00009f55  TimerP_setPeriod                  
000088b5  TimerP_start                      
00006669  UARTMSP432_close                  
00005719  UARTMSP432_control                
0000c424  UARTMSP432_fxnTable               
00005097  UARTMSP432_hwiIntFxn              
00005e83  UARTMSP432_init                   
00001165  UARTMSP432_open                   
00008b91  UARTMSP432_read                   
00008ea5  UARTMSP432_readCancel             
000049e1  UARTMSP432_readPolling            
00005f25  UARTMSP432_write                  
00007839  UARTMSP432_writeCancel            
000057cd  UARTMSP432_writePolling           
00009a11  UART_Params_init                  
00009e81  UART_close                        
0000c5ac  UART_config                       
00009e8b  UART_control                      
0000c61d  UART_count                        
0000c470  UART_defaultParams                
000088f9  UART_init                         
00003865  UART_initModule                   
00008bd1  UART_open                         
00009e95  UART_write                        
00004abd  UDMAMSP432_close                  
0000c5d8  UDMAMSP432_config                 
00006541  UDMAMSP432_init                   
000065d5  UDMAMSP432_open                   
00001e51  VS1053PlayFile                    
00008045  VSTestInitHardware                
00002e75  VSTestInitSoftware                
4000480c  WDTCTL_SYM                        
0000619d  WriteSci                          
000029e1  WriteSdi                          
0000970d  WriteVS10xxMem                    
20008840  __CIOBUF_                         
20010000  __STACK_END                       
00001000  __STACK_SIZE                      
00008000  __SYSMEM_SIZE                     
0000c738  __TI_CINIT_Base                   
0000c750  __TI_CINIT_Limit                  
0000c71c  __TI_Handler_Table_Base           
0000c728  __TI_Handler_Table_Limit          
0000893d  __TI_auto_init_nobinit_nopinit    
00006239  __TI_buff_read                    
00008f49  __TI_cleanup                      
200092d0  __TI_cleanup_ptr                  
00007241  __TI_closefile                    
000078a1  __TI_decompress_lzss              
00009d91  __TI_decompress_none              
000082d9  __TI_doflush                      
200092d4  __TI_dtors_ptr                    
200092d8  __TI_enable_exit_profile_output   
200092c0  __TI_ft_end                       
ffffffff  __TI_pprof_out_hndl               
00000145  __TI_printfi                      
ffffffff  __TI_prof_data_size               
ffffffff  __TI_prof_data_start              
00008407  __TI_rd_ok                        
00008f7d  __TI_readmsg                      
0000c630  __TI_static_base__                
20008b00  __TI_tmpnams                      
00008e35  __TI_writemsg                     
00007a9d  __TI_wrt_ok                       
00009e19  __TI_zero_init                    
00006ad5  __aeabi_cdcmpeq                   
00006ad5  __aeabi_cdcmple                   
00006b5b  __aeabi_cdrcmple                  
000085bd  __aeabi_d2iz                      
00008a09  __aeabi_d2uiz                     
00002835  __aeabi_dadd                      
000033ad  __aeabi_ddiv                      
00003fbd  __aeabi_dmul                      
0000282b  __aeabi_dsub                      
00009ebd  __aeabi_errno_addr                
000090dd  __aeabi_i2d                       
[...]
000095dd  read_dreq                         
00009191  remove                            
00009a59  resetISR                          
00003a95  scalbn                            
00003a95  scalbnl                           
20008400  sdfatfsObjects                    
20008dc4  sdspiObjects                      
00004c75  setvbuf                           
0000c494  spiMSP432DMAHWAttrs               
20008c20  spiMSP432DMAObjects               
00006a4d  spi_init                          
000098cd  spi_receive                       
00009601  spi_transmit                      
00009b39  strchr                            
00009a71  strcmp                            
00009bdd  strcpy                            
00009bf1  strlen                            
00008f11  strncpy                           
20008ba0  uartMSP432Objects                 
0000c5b8  udmaMSP432HWAttrs                 
20008df8  udmaMSP432Object                  
00009191  unlink                            
00009c71  wcslen                            
00009445  write                             


GLOBAL SYMBOLS: SORTED BY Symbol Address 

address   name                              
-------   ----                              
00000000  interruptVectors                  
00000145  __TI_printfi                      
00000b93  Board_initHook                    
00000b95  Power_sleep                       
00001000  __STACK_SIZE                      
00001165  UARTMSP432_open                   
000016cd  SPIMSP432DMA_open                 
00001e51  VS1053PlayFile                    
000020a1  mainThread                        
000022c9  SDSPI_initialize                  
00002675  f_open                            
0000282b  __aeabi_dsub                      
00002835  __aeabi_dadd                      
000029e1  WriteSdi                          
00002b7d  f_write                           
00002d03  DisplayUartMin_clear              
00002d05  GPIO_setConfig                    
00002e75  VSTestInitSoftware                
00002fd9  f_read                            
0000312f  f_lseek                           
0000326f  DisplayUartMin_clearLines         
000033ad  __aeabi_ddiv                      
000034e3  DisplayUartMin_init               
00003615  SPIMSP432DMA_transfer             
00003865  UART_initModule                   
00003981  fputs                             
00003a95  ldexp                             
00003a95  ldexpl                            
00003a95  scalbn                            
00003a95  scalbnl                           
00003cb1  f_rename                          
00003dbd  SPIMSP432DMA_transferCancel       
00003fbd  __aeabi_dmul                      
000040b9  fread                             
000041b1  aligned_alloc                     
000041b1  memalign                          
00004399  DMA_setChannelTransfer            
00004577  PowerMSP432_initPolicy            
00004579  free                              
00004661  CS_startHFXTWithTimeout           
00004745  CS_startLFXTWithTimeout           
00004825  TimerP_construct                  
00004905  ReadSci                           
000049e1  UARTMSP432_readPolling            
00004abd  UDMAMSP432_close                  
00004c75  setvbuf                           
00004d51  SwiP_construct                    
00004efd  SDFatFS_open                      
00004fcd  SDSPI_write                       
00005097  UARTMSP432_hwiIntFxn              
00005213  PowerMSP432_updateFreqs           
00005215  open                              
000052d1  add_device                        
000055b1  ClockP_startup                    
00005665  LoadPlugin                        
00005719  UARTMSP432_control                
000057cd  UARTMSP432_writePolling           
00005933  SPI_initMaster                    
000059e3  SDSPI_read                        
00005a91  ClockP_workFuncDynamic            
00005b3d  GPIO_init                         
00005be9  SDSPI_getNumSectors               
00005c91  ffcio_open                        
00005de1  f_unlink                          
00005e83  UARTMSP432_init                   
00005e85  SemaphoreP_pend                   
00005f25  UARTMSP432_write                  
00006065  Power_init                        
00006101  SwiP_dispatch                     
0000619d  WriteSci                          
00006239  __TI_buff_read                    
000062d5  f_sync                            
00006371  fopen                             
0000640d  __aeabi_memcpy                    
0000640d  __aeabi_memcpy4                   
0000640d  __aeabi_memcpy8                   
0000640d  memcpy                            
000064a9  __aeabi_uldivmod                  
0000653f  _nop                              
00006541  UDMAMSP432_init                   
000065d5  UDMAMSP432_open                   
00006669  UARTMSP432_close                  
00006821  fputc                             
00006821  putc                              
00006a4d  spi_init                          
00006ad5  __aeabi_cdcmpeq                   
00006ad5  __aeabi_cdcmple                   
00006b5b  __aeabi_cdrcmple                  
00006c67  clkFxn                            
00006ced  ClockP_start                      
00006d6d  Interrupt_disableInterrupt        
00006ded  Interrupt_enableInterrupt         
00006eed  f_mount                           
00006f69  fflush                            
00007061  __aeabi_memclr                    
00007061  __aeabi_memclr4                   
00007061  __aeabi_memclr8                   
00007063  __aeabi_memset                    
00007063  __aeabi_memset4                   
00007063  __aeabi_memset8                   
00007069  memset                            
000070dd  ClockP_walkQueueDynamic           
000071cd  SDSPI_open                        
00007241  __TI_closefile                    
00007329  HwiP_construct                    
00007557  __aeabi_idiv0                     
00007557  __aeabi_ldiv0                     
00007559  HOSTrename                        
000075c5  TimerP_getCurrentTick             
00007631  GPIO_hwiIntFxn                    
00007699  HOSTlseek                         
00007701  Interrupt_pendInterrupt           
00007769  PowerMSP432_getFreqs              
000077d1  SwiP_post                         
00007839  UARTMSP432_writeCancel            
000078a1  __TI_decompress_lzss              
00007909  printf                            
00007971  SPIMSP432DMA_close                
000079d5  frexp                             
000079d5  frexpl                            
00007a39  fseek                             
00007a9d  __TI_wrt_ok                       
00007b01  GPIO_setCallback                  
00007b61  HOSTopen                          
00007bc1  Display_doOpen                    
00007c1d  Interrupt_registerInterrupt       
00007c79  close                             
00007d31  GPIO_write                        
00007d89  HOSTread                          
00007de1  HOSTwrite                         
00007e39  Interrupt_unpendInterrupt         
00007e91  TimerP_dynamicStub                
00007ff1  Interrupt_setPriority             
00008000  __SYSMEM_SIZE                     
00008045  VSTestInitHardware                
000080ed  ltoa                              
00008239  SemaphoreP_construct              
000082d9  __TI_doflush                      
00008325  atoi                              
000083bd  DisplayUartMin_open               
00008407  __TI_rd_ok                        
0000849d  ClockP_construct                  
000084e5  PowerMSP432_sleepPolicy           
0000852d  Power_releaseConstraint           
00008575  exit                              
000085bd  __aeabi_d2iz                      
00008605  DisplayUartMin_vprintf            
0000864b  RingBuf_put                       
000086d9  HOSTclose                         
0000871d  HOSTunlink                        
00008761  SDFatFS_init                      
000087a5  SD_init                           
000087e9  SPI_init                          
0000882d  SemaphoreP_post                   
0000882d  ff_rel_grant                      
00008871  SwiP_restore                      
000088b5  TimerP_start                      
000088f9  UART_init                         
0000893d  __TI_auto_init_nobinit_nopinit    
000089c5  getdevice                         
00008a09  __aeabi_d2uiz                     
00008a91  RingBuf_get                       
00008ad1  SD_open                           
00008b11  SPI_open                          
00008b51  TimerP_setNextTick                
00008b91  UARTMSP432_read                   
00008bd1  UART_open                         
00008c91  __aeabi_uidiv                     
00008c91  __aeabi_uidivmod                  
00008d11  SDFatFS_diskIOctrl                
00008d4d  TimerP_initDevice                 
00008dc5  Power_setConstraint               
00008dfd  SDFatFS_close                     
00008e35  __TI_writemsg                     
00008e63  C$$IO$$                           
00008ea5  UARTMSP432_readCancel             
00008f11  strncpy                           
00008f49  __TI_cleanup                      
00008f7d  __TI_readmsg                      
00008fb1  _c_int00_noargs                   
00009019  ffcio_lseek                       
0000904d  finddevice                        
000090dd  __aeabi_i2d                       
0000910d  SDFatFS_diskRead                  
00009139  SDFatFS_diskWrite                 
00009165  disk_register                     
00009191  remove                            
00009191  unlink                            
000091bd  Display_doPrintf                  
000091e7  HwiP_create                       
0000923d  ClockP_getSystemTicks             
00009265  Display_doInit                    
0000928d  Power_registerNotify              
000092b5  SPI_getInterruptStatus            
00009355  disk_unregister                   
000093f5  lseek                             
0000941d  read                              
00009445  write                             
0000946d  List_put                          
00009493  List_remove                       
000094b9  f_close                           
000094e1  ClockP_getTicks                   
00009505  ClockP_scheduleNextTick           
00009529  HwiP_dispatch                     
0000954d  SDFatFS_diskInitialize            
00009571  SDSPI_close                       
00009595  disk_ioctl                        
000095b9  disk_read                         
000095dd  read_dreq                         
00009601  spi_transmit                      
0000966d  CS_setExternalClockSourceFrequency
0000968d  ClockP_add                        
000096ad  Power_unregisterNotify            
000096cd  QueueP_put                        
000096ed  RingBuf_peek                      
0000970d  WriteVS10xxMem                    
0000972d  disk_write                        
0000974d  ffcio_close                       
0000976d  ffcio_read                        
0000978d  ffcio_write                       
000097ad  memchr                            
000097ed  Interrupt_unregisterInterrupt     
00009809  SwiP_disable                      
00009841  disk_initialize                   
0000985d  disk_status                       
000098b1  memccpy                           
000098cd  spi_receive                       
000098e9  ClockP_create                     
00009903  QueueP_get                        
0000991d  SemaphoreP_createBinary           
00009937  copysign                          
00009937  copysignl                         
00009951  ClockP_destruct                   
00009969  EUSCI_A_SPI_getInterruptStatus    
00009981  EUSCI_B_SPI_getInterruptStatus    
00009999  HwiP_delete                       
000099b1  HwiP_inISR                        
000099c9  ReadVS10xxMem                     
000099e1  SysCtl_A_disableNMISource         
000099f9  SysCtl_A_enableNMISource          
00009a11  UART_Params_init                  
00009a41  ff_cre_syncobj                    
00009a59  resetISR                          
00009a71  strcmp                            
00009a89  DisplayUartMin_close              
00009a9f  SemaphoreP_create                 
00009acb  main                              
00009b39  strchr                            
00009b65  Power_idleFunc                    
00009b79  SPI_Params_init                   
00009bc9  ff_req_grant                      
00009bdd  strcpy                            
00009bf1  strlen                            
00009c05  HwiP_Params_init                  
00009c17  RingBuf_construct                 
00009c3b  ffcio_rename                      
00009c4d  ffcio_unlink                      
00009c71  wcslen                            
00009c85  ClockP_Params_init                
00009c95  ClockP_delete                     
00009ca5  HwiP_disable                      
00009cb5  Interrupt_disableMaster           
00009cc5  Interrupt_enableMaster            
00009cd5  PowerMSP432_getNumPerfLevels      
00009ce5  Power_disablePolicy               
00009cf5  Power_enablePolicy                
00009d05  SDFatFS_diskStatus                
00009d15  SemaphoreP_Params_init            
00009d25  SwiP_Params_init                  
00009d35  SysCtl_A_getNMISourceStatus       
00009d45  SysCtl_getNMISourceStatus         
00009d55  TimerP_Params_init                
00009d75  QueueP_empty                      
00009d83  QueueP_remove                     
00009d91  __TI_decompress_none              
00009d9f  Board_init                        
00009dab  CPU_cpsid                         
00009db7  CPU_cpsie                         
00009dc5  ClockP_doTick                     
00009dd1  ClockP_getSystemTickPeriod        
00009ddd  Power_getConstraintMask           
00009de9  Power_getPerformanceLevel         
00009df5  SDSPI_init                        
00009e01  TimerP_getFreq                    
00009e0d  TimerP_getMaxTicks                
00009e19  __TI_zero_init                    
00009e31  SD_close                          
00009e3b  SD_getNumSectors                  
00009e45  SD_getSectorSize                  
00009e4f  SD_initialize                     
00009e59  SD_read                           
00009e63  SD_write                          
00009e6d  SPI_close                         
00009e77  SPI_transfer                      
00009e81  UART_close                        
00009e8b  UART_control                      
00009e95  UART_write                        
00009e9f  ff_del_syncobj                    
00009eb3  HwiP_restore                      
00009ebd  __aeabi_errno_addr                
00009ecd  fatfs_getFatTime                  
00009ed5  malloc                            
00009ef5  ClockP_stop                       
00009efb  DisplayUartMin_control            
00009f01  DisplayUartMin_getType            
00009f07  QueueP_init                       
00009f0d  SDSPI_control                     
00009f13  SDSPI_getSectorSize               
00009f19  SPIMSP432DMA_control              
00009f25  ClockP_isActive                   
00009f29  ClockP_setTimeout                 
00009f2d  HwiP_clearInterrupt               
00009f31  HwiP_disableInterrupt             
00009f35  HwiP_enable                       
00009f35  NoRTOS_start                      
00009f39  HwiP_enableInterrupt              
00009f3d  HwiP_post                         
00009f41  QueueP_head                       
00009f45  QueueP_next                       
00009f49  SPIMSP432DMA_init                 
00009f4d  SemaphoreP_delete                 
00009f51  SystemP_vsnprintf                 
00009f55  TimerP_setPeriod                  
00009f61  _system_pre_init                  
00009f65  C$$EXIT                           
00009f65  abort                             
00009f69  get_fattime                       
00009f6c  plugin                            
0000c22c  _ctypes_                          
0000c32f  Display_defaultParams             
0000c3c0  PowerMSP432_config                
0000c424  UARTMSP432_fxnTable               
0000c44c  SDSPI_fxnTable                    
0000c470  UART_defaultParams                
0000c494  spiMSP432DMAHWAttrs               
0000c4b8  DisplayUartMin_fxnTable           
0000c4d8  SPI_defaultParams                 
0000c4f8  chipNumber                        
0000c538  SPIMSP432DMA_fxnTable             
0000c550  GPIOMSP432_config                 
0000c564  displayUartHWAttrs                
0000c588  Display_config                    
0000c594  SD_config                         
0000c5a0  SPI_config                        
0000c5ac  UART_config                       
0000c5b8  udmaMSP432HWAttrs                 
0000c5d8  UDMAMSP432_config                 
0000c619  Display_count                     
0000c61a  SDFatFS_count                     
0000c61b  SD_count                          
0000c61c  SPI_count                         
0000c61d  UART_count                        
0000c620  SDFatFS_config                    
0000c624  SD_defaultParams                  
0000c630  __TI_static_base__                
0000c71c  __TI_Handler_Table_Base           
0000c728  __TI_Handler_Table_Limit          
0000c738  __TI_CINIT_Base                   
0000c750  __TI_CINIT_Limit                  
20000000  _sys_memory                       
20008400  sdfatfsObjects                    
20008840  __CIOBUF_                         
20008b00  __TI_tmpnams                      
20008ba0  uartMSP432Objects                 
20008c20  spiMSP432DMAObjects               
20008db5  playerState                       
20008db8  displayUartObject                 
20008dc4  sdspiObjects                      
20008de0  parmbuf                           
20008df8  udmaMSP432Object                  
20008f3c  PowerMSP432_perfLevels            
2000907c  _ftable                           
2000916c  _device                           
200091e4  _stream                           
20009284  PowerMSP432_module                
200092c0  __TI_ft_end                       
200092c4  __aeabi_stdin                     
200092c8  __aeabi_stdout                    
200092cc  __aeabi_stderr                    
200092d0  __TI_cleanup_ptr                  
200092d4  __TI_dtors_ptr                    
200092d8  __TI_enable_exit_profile_output   
200092f4  _lock                             
200092f8  _unlock                           
20009304  SemaphoreP_defaultParams          
2000930c  gpioCallbackFunctions             
20009314  gpioPinConfigs                    
20009320  ClockP_tickPeriod                 
20009324  HwiP_key                          
20009328  HwiP_swiPIntNum                   
20009330  fatfsPrefix                       
20009338  errno                             
20009349  RXData                            
2000934a  bool_rx                           
20009351  audioFormat                       
20009400  g_pfnRAMVectors                   
2000f000  __stack                           
20010000  __STACK_END                       
4000480c  WDTCTL_SYM                        
ffffffff  __TI_pprof_out_hndl               
ffffffff  __TI_prof_data_size               
ffffffff  __TI_prof_data_start              
ffffffff  __binit__                         
ffffffff  __c_args__                        
ffffffff  binit                             
UNDEFED   __mpu_init                        
UNDEFED   _system_post_cinit                

[407 symbols]
